03-25 15:00:44.274     0     0 E KERNEL  : [1087882.357025][T21082] [schedu][0x1d3047078df0][08:00:44.271915] qca6490: [21082:E:CMN_MLME] cm_report_roam_rt_stats: Roam events stats is disabled
03-25 15:00:44.358  2463  6387 E TaskPersister: File error accessing recents directory (directory doesn't exist?).
03-25 15:00:44.478     0     0 E KERNEL  : [1087882.560464][T21082] [schedu][0x1d304743285d][08:00:44.475361] qca6490: [21082:E:CMN_MLME] cm_report_roam_rt_stats: Roam events stats is disabled
03-25 15:00:45.834     0     0 E KERNEL  : [1087883.915562][T14310] [BAT][CHG][ERR][BAT][CHG]update_battery_safe +++
03-25 15:00:45.834     0     0 E KERNEL  : [1087883.919040][T14310] [BAT][CHG][ERR][BAT][CHG]update_battery_safe temp=384, capacity=100, cycle_count=919
03-25 15:00:45.834     0     0 E KERNEL  : [1087883.919063][T14310] BATTERY_CHG: calculation_time_fun: calculation_time_fun +++
03-25 15:00:45.834     0     0 E KERNEL  : [1087883.919074][T14310] BATTERY_CHG: calculation_time_fun: calculation_time_fun +++
03-25 15:00:45.834     0     0 E KERNEL  : [1087883.919082][T14310] BATTERY_CHG: calculation_time_fun: calculation_time_fun +++
03-25 15:00:45.834     0     0 E KERNEL  : [1087883.919094][T14310] [BAT][CHG][ERR][BAT][CHG]backup_bat_percentage bat_percent=0; reload_condition=2
03-25 15:00:45.837     0     0 E KERNEL  : [1087883.920753][T18061] BATTERY_CHG: handle_notification: [adsp] evtlog= [ADSP][CHG] GET FROM KERENL TO ADSP [ADSP], data_scale_hi=100,rspMsg.bat_scale==100
03-25 15:00:45.837     0     0 E KERNEL  : [1087883.920753][T18061]
03-25 15:00:45.837     0     0 E KERNEL  : [1087883.920782][T18061] [BAT][CHG][ERR]GET FROM KERENL TO ADSP [KERNEL], adsp_bat_scale = 100
03-25 15:00:45.837     0     0 E KERNEL  : [1087883.920989][T14310] [BAT][CHG][ERR][BAT][CHG]backup_bat_safety backup_bat_scale=100
03-25 15:00:45.837     0     0 E KERNEL  : [1087883.921162][T14310] [BAT][CHG][ERR][BAT][CHG]set_full_charging_voltage, fg_condition_change : 0
03-25 15:00:45.870     0     0 E KERNEL  : [1087883.955185][T23460] [BAT][CHG][ERR]fg_soc_remap_scale_show, adsp_bat_scale_1 = 100
03-25 15:00:48.327  2463  6387 E TaskPersister: File error accessing recents directory (directory doesn't exist?).
03-25 15:00:49.579  2463  2524 E Transition: Trying to add a ready-group twice: Display{#0 state=ON size=1080x2448 ROTATION_0}
03-25 15:00:50.210     0     0 E KERNEL  : [1087888.291974][T21082] [schedu][0x1d304dd24d73][08:00:50.206842] qca6490: [21082:E:CMN_MLME] cm_report_roam_rt_stats: Roam events stats is disabled
03-25 15:00:50.458     0     0 E KERNEL  : [1087888.541392][T21082] [schedu][0x1d304e1b60f5][08:00:50.456275] qca6490: [21082:E:CMN_MLME] cm_report_roam_rt_stats: Roam events stats is disabled
03-25 15:00:50.458     0     0 E KERNEL  : [1087888.541796][T21082] [schedu][0x1d304e1b8047][08:00:50.456693] qca6490: [21082:E:CMN_MLME] cm_report_roam_rt_stats: Roam events stats is disabled
03-25 15:00:51.790     0     0 E KERNEL  : [1087889.875112][T18061] BATTERY_CHG: handle_notification: [adsp] evtlog= [ADSP][CHG]BattMngrTech_handle_charger_limit_event. mode : 0x100, value : 1
03-25 15:00:51.790     0     0 E KERNEL  : [1087889.875131][T18061] BATTERY_CHG: handle_notification: [adsp] evtlog= [ADSP]Audio request to set LCM mode. value : 1
03-25 15:00:51.790     0     0 E KERNEL  : [1087889.875199][T18061] BATTERY_CHG: handle_notification: [adsp] evtlog= [ADSP]battman_control_lcm_mode enable = 1
03-25 15:00:51.790     0     0 E KERNEL  : [1087889.875199][T18061]
03-25 15:00:51.798     0     0 E KERNEL  : [1087889.880338][T19283] BATTERY_CHG: handle_notification: [adsp] evtlog= [ADSP]Get 0x26C2[7] : 0x0
03-25 15:00:51.798     0     0 E KERNEL  : [1087889.880338][T19283]
03-25 15:00:51.822     0     0 E KERNEL  : [1087889.905662][T19283] BATTERY_CHG: handle_notification: [adsp] evtlog= [ADSP]Audio set enable : 1, 0x26C2 : 0x1e
03-25 15:00:51.822     0     0 E KERNEL  : [1087889.905662][T19283]
03-25 15:00:52.990     0     0 E KERNEL  : [1087891.073554][T19283] BATTERY_CHG: handle_notification: [adsp] evtlog= fg_stub check : data_scale_hi = 100.000000, record data_scale_hi = 0
03-25 15:00:52.990     0     0 E KERNEL  : [1087891.073589][T19283] BATTERY_CHG: handle_notification: [adsp] evtlog= data1 >95 && cable connected, data_scale_hi_origin =95.000000,data_scale_hi = 100.000000
03-25 15:00:53.089  2463  6387 E TaskPersister: File error accessing recents directory (directory doesn't exist?).
03-25 15:00:53.153  2463  7652 E Transition: Trying to add a ready-group twice: Display{#0 state=ON size=1080x2448 ROTATION_0}
03-25 15:00:53.279     0     0 E KERNEL  : [1087891.363764][T21082] [schedu][0x1d305156403a][08:00:53.278665] qca6490: [21082:E:CMN_MLME] cm_report_roam_rt_stats: Roam events stats is disabled
03-25 15:00:53.304     0     0 E KERNEL  : [1087891.389183][T22521] BATTERY_CHG: handle_notification: [adsp] evtlog= [FG] fg_stub_get_AltManufacturerAccess_data: FG 0x4280: 0x11d74280
03-25 15:00:53.340     0     0 E KERNEL  : [1087891.425417][T22521] BATTERY_CHG: handle_notification: [adsp] evtlog= [ADSP][CHG]BattMngrTech_handle_charger_limit_event. mode : 0x100, value : 0
03-25 15:00:53.340     0     0 E KERNEL  : [1087891.425421][T22521] BATTERY_CHG: handle_notification: [adsp] evtlog= [ADSP]Audio request to set LCM mode. value : 0
03-25 15:00:53.340     0     0 E KERNEL  : [1087891.425424][T22521] BATTERY_CHG: handle_notification: [adsp] evtlog= [ADSP]battman_control_lcm_mode enable = 0
03-25 15:00:53.340     0     0 E KERNEL  : [1087891.425424][T22521]
03-25 15:00:53.345     0     0 E KERNEL  : [1087891.430507][T22521] BATTERY_CHG: handle_notification: [adsp] evtlog= [ADSP]Get 0x26C2[7] : 0x0
03-25 15:00:53.345     0     0 E KERNEL  : [1087891.430507][T22521]
03-25 15:00:53.372     0     0 E KERNEL  : [1087891.456281][T16266] BATTERY_CHG: handle_notification: [adsp] evtlog= [ADSP]Audio set enable : 0, 0x26C2 : 0x3e
03-25 15:00:53.372     0     0 E KERNEL  : [1087891.456281][T16266]
03-25 15:00:53.408     0     0 E KERNEL  : [1087891.493322][T16266] BATTERY_CHG: handle_notification: [adsp] evtlog= [FG] fg_stub_get_AltManufacturerAccess_data: FG 0x4282: 0x11cb4282
03-25 15:00:53.540     0     0 E KERNEL  : [1087891.624175][T16266] BATTERY_CHG: handle_notification: [adsp] evtlog= [FG][BAT] SOC=100, RSOC=100, FCC=4234, RM=4234, d_cap=5600, t=3115, v=8557, c=0
03-25 15:00:53.540     0     0 E KERNEL  : [1087891.624199][T16266] BATTERY_CHG: handle_notification: [adsp] evtlog= [FG][BAT] TRM=4242, TFCC=4234, Vcell1=4278, Vcell2=4279, chg_st=4, gau_st=0xd185a, op_st=0x386, saf_st=0x0
03-25 15:00:53.546     0     0 E KERNEL  : [1087891.627603][T16266] BATTERY_CHG: handle_notification: [adsp] evtlog= 18W_Workaround. chg_type=14, VBUS=4773000 uV, ICL_Result : 39
03-25 15:00:53.547     0     0 E KERNEL  : [1087891.630905][T22521] BATTERY_CHG: handle_notification: [adsp] evtlog= [ADSP][CHG]BattMngrTech_ASUS_Jeita_Rule. temp : 385, voltage : 8557 mV, vfloat : 8720 mV, bat_safe_con=4
03-25 15:00:53.547     0     0 E KERNEL  : [1087891.630928][T22521] BATTERY_CHG: handle_notification: [adsp] evtlog= [ADSP][CHG]BattMngrTech_ASUS_Jeita_Rule++, FV_mV=8720, bat_safe_fw_update_condition=4
03-25 15:00:53.547     0     0 E KERNEL  : [1087891.631104][T22521] BATTERY_CHG: handle_notification: [adsp] evtlog= [ADSP][CHG]BattMngrTech_ASUS_Jeita_Update. old_FV : 8720 mV, new_FV : 8720 mV, FCC : 4200 mA
03-25 15:00:53.547     0     0 E KERNEL  : [1087891.631116][T22521] BATTERY_CHG: handle_notification: [adsp] evtlog= [BAT][CHG]BattMngrTech_Update_Charging_Pause_Result. charging_paused=0, pre_pause_status=0
03-25 15:00:53.547     0     0 E KERNEL  : [1087891.631196][T22521] BATTERY_CHG: handle_notification: [adsp] evtlog= [ICM][NCP][STBY] ncp_stby_db - chgr_type=14, chgr_stat=7, soc=100, discnt=0
03-25 15:00:56.157  2463  6387 E TaskPersister: File error accessing recents directory (directory doesn't exist?).
03-25 15:00:57.049 22833 23525 F libc    : Fatal signal 6 (SIGABRT), code -1 (SI_QUEUE) in tid 23525 (aosl_main), pid 22833 (at_app_frontend)
03-25 15:00:57.313 23726 23726 F DEBUG   : *** *** *** *** *** *** *** *** *** *** *** *** *** *** *** ***
03-25 15:00:57.313 23726 23726 F DEBUG   : Build fingerprint: 'asus/WW_AI2201/ASUS_AI2201:14/UKQ1.230924.001/34.0210.0210.276-0:user/release-keys'
03-25 15:00:57.313 23726 23726 F DEBUG   : Revision: '0'
03-25 15:00:57.313 23726 23726 F DEBUG   : ABI: 'arm64'
03-25 15:00:57.313 23726 23726 F DEBUG   : Timestamp: 2026-03-25 15:00:57.133100448+0700
03-25 15:00:57.313 23726 23726 F DEBUG   : Process uptime: 38s
03-25 15:00:57.313 23726 23726 F DEBUG   : Cmdline: com.example.chat_app_frontend
03-25 15:00:57.313 23726 23726 F DEBUG   : pid: 22833, tid: 23525, name: aosl_main  >>> com.example.chat_app_frontend <<<
03-25 15:00:57.313 23726 23726 F DEBUG   : uid: 10287
03-25 15:00:57.313 23726 23726 F DEBUG   : tagged_addr_ctrl: 0000000000000001 (PR_TAGGED_ADDR_ENABLE)
03-25 15:00:57.313 23726 23726 F DEBUG   : pac_enabled_keys: 000000000000000f (PR_PAC_APIAKEY, PR_PAC_APIBKEY, PR_PAC_APDAKEY, PR_PAC_APDBKEY)
03-25 15:00:57.313 23726 23726 F DEBUG   : signal 6 (SIGABRT), code -1 (SI_QUEUE), fault addr --------
03-25 15:00:57.313 23726 23726 F DEBUG   :     x0  0000000000000000  x1  0000000000005be5  x2  0000000000000006  x3  0000007123f7e120
03-25 15:00:57.313 23726 23726 F DEBUG   :     x4  2d2e2d2d2e2d2d2e  x5  2d2e2d2d2e2d2d2e  x6  2d2e2d2d2e2d2d2e  x7  7f7f7f7f7f7f7f7f
03-25 15:00:57.313 23726 23726 F DEBUG   :     x8  00000000000000f0  x9  0000007424a5f298  x10 0000000000000001  x11 0000007424aa7d3c
03-25 15:00:57.313 23726 23726 F DEBUG   :     x12 0000007123f7ca30  x13 00000000000000bf  x14 0000007123f7cae0  x15 00001d3054df37a7
03-25 15:00:57.313 23726 23726 F DEBUG   :     x16 0000007424b10d18  x17 0000007424aeb7c0  x18 0000000000000000  x19 0000000000005931
03-25 15:00:57.314 23726 23726 F DEBUG   :     x20 0000000000005be5  x21 00000000ffffffff  x22 0000007123f7e4f0  x23 0000006fe22627ca
03-25 15:00:57.314 23726 23726 F DEBUG   :     x24 0000007123f7e4f0  x25 0000006fe22b04f8  x26 0000006fe22b0590  x27 0000006fe22b0548
03-25 15:00:57.314 23726 23726 F DEBUG   :     x28 0000006fe22b0570  x29 0000007123f7e1a0
03-25 15:00:57.314 23726 23726 F DEBUG   :     lr  0000007424a98a3c  sp  0000007123f7e100  pc  0000007424a98a68  pst 0000000000001000
03-25 15:00:57.314 23726 23726 F DEBUG   : 21 total frames
03-25 15:00:57.314 23726 23726 F DEBUG   : backtrace:
03-25 15:00:57.314 23726 23726 F DEBUG   :       #00 pc 000000000005ba68  /apex/com.android.runtime/lib64/bionic/libc.so (abort+168) (BuildId: 527c3be62cdf19bf232b9e6d83dfa659)
03-25 15:00:57.314 23726 23726 F DEBUG   :       #01 pc 0000000000023a80  /data/app/~~Qvp3qk5fjvweISs8Dgj0xw==/com.example.chat_app_frontend-2Itr9sYOQTNoIanWzjfy6A==/base.apk!libagora_screen_capture_extension.so (offset 0x376c000) (BuildId: 8768223cf7b334333f80812173672481ca4612c2)
03-25 15:00:57.314 23726 23726 F DEBUG   :       #02 pc 00000000000275ec  /data/app/~~Qvp3qk5fjvweISs8Dgj0xw==/com.example.chat_app_frontend-2Itr9sYOQTNoIanWzjfy6A==/base.apk!libagora_screen_capture_extension.so (offset 0x376c000) (BuildId: 8768223cf7b334333f80812173672481ca4612c2)
03-25 15:00:57.314 23726 23726 F DEBUG   :       #03 pc 0000000000027958  /data/app/~~Qvp3qk5fjvweISs8Dgj0xw==/com.example.chat_app_frontend-2Itr9sYOQTNoIanWzjfy6A==/base.apk!libagora_screen_capture_extension.so (offset 0x376c000) (BuildId: 8768223cf7b334333f80812173672481ca4612c2)
03-25 15:00:57.314 23726 23726 F DEBUG   :       #04 pc 000000000001fc50  /data/app/~~Qvp3qk5fjvweISs8Dgj0xw==/com.example.chat_app_frontend-2Itr9sYOQTNoIanWzjfy6A==/base.apk!libagora_screen_capture_extension.so (offset 0x376c000) (BuildId: 8768223cf7b334333f80812173672481ca4612c2)
03-25 15:00:57.314 23726 23726 F DEBUG   :       #05 pc 00000000012ff998  /data/app/~~Qvp3qk5fjvweISs8Dgj0xw==/com.example.chat_app_frontend-2Itr9sYOQTNoIanWzjfy6A==/base.apk!libagora-rtc-sdk.so (offset 0x4db4000) (BuildId: c34dc83d49babb1fa4fcbd4463b9804fd8025c05)
03-25 15:00:57.314 23726 23726 F DEBUG   :       #06 pc 00000000012ff7e0  /data/app/~~Qvp3qk5fjvweISs8Dgj0xw==/com.example.chat_app_frontend-2Itr9sYOQTNoIanWzjfy6A==/base.apk!libagora-rtc-sdk.so (offset 0x4db4000) (BuildId: c34dc83d49babb1fa4fcbd4463b9804fd8025c05)
03-25 15:00:57.314 23726 23726 F DEBUG   :       #07 pc 00000000012ff0a4  /data/app/~~Qvp3qk5fjvweISs8Dgj0xw==/com.example.chat_app_frontend-2Itr9sYOQTNoIanWzjfy6A==/base.apk!libagora-rtc-sdk.so (offset 0x4db4000) (BuildId: c34dc83d49babb1fa4fcbd4463b9804fd8025c05)
03-25 15:00:57.314 23726 23726 F DEBUG   :       #08 pc 00000000012ff03c  /data/app/~~Qvp3qk5fjvweISs8Dgj0xw==/com.example.chat_app_frontend-2Itr9sYOQTNoIanWzjfy6A==/base.apk!libagora-rtc-sdk.so (offset 0x4db4000) (BuildId: c34dc83d49babb1fa4fcbd4463b9804fd8025c05)
03-25 15:00:57.314 23726 23726 F DEBUG   :       #09 pc 0000000001300fb4  /data/app/~~Qvp3qk5fjvweISs8Dgj0xw==/com.example.chat_app_frontend-2Itr9sYOQTNoIanWzjfy6A==/base.apk!libagora-rtc-sdk.so (offset 0x4db4000) (BuildId: c34dc83d49babb1fa4fcbd4463b9804fd8025c05)
03-25 15:00:57.314 23726 23726 F DEBUG   :       #10 pc 00000000012cbeac  /data/app/~~Qvp3qk5fjvweISs8Dgj0xw==/com.example.chat_app_frontend-2Itr9sYOQTNoIanWzjfy6A==/base.apk!libagora-rtc-sdk.so (offset 0x4db4000) (BuildId: c34dc83d49babb1fa4fcbd4463b9804fd8025c05)
03-25 15:00:57.314 23726 23726 F DEBUG   :       #11 pc 00000000015b60a4  /data/app/~~Qvp3qk5fjvweISs8Dgj0xw==/com.example.chat_app_frontend-2Itr9sYOQTNoIanWzjfy6A==/base.apk!libagora-rtc-sdk.so (offset 0x4db4000) (BuildId: c34dc83d49babb1fa4fcbd4463b9804fd8025c05)
03-25 15:00:57.314 23726 23726 F DEBUG   :       #12 pc 000000000080fa18  /data/app/~~Qvp3qk5fjvweISs8Dgj0xw==/com.example.chat_app_frontend-2Itr9sYOQTNoIanWzjfy6A==/base.apk!libagora-rtc-sdk.so (offset 0x4db4000) (BuildId: c34dc83d49babb1fa4fcbd4463b9804fd8025c05)
03-25 15:00:57.314 23726 23726 F DEBUG   :       #13 pc 000000000001a3b8  /data/app/~~Qvp3qk5fjvweISs8Dgj0xw==/com.example.chat_app_frontend-2Itr9sYOQTNoIanWzjfy6A==/base.apk!libaosl.so (offset 0x3bfc000) (BuildId: 5285960aef86b1f9ce45c5340affdc182d1991a2)
03-25 15:00:57.314 23726 23726 F DEBUG   :       #14 pc 000000000001d05c  /data/app/~~Qvp3qk5fjvweISs8Dgj0xw==/com.example.chat_app_frontend-2Itr9sYOQTNoIanWzjfy6A==/base.apk!libaosl.so (offset 0x3bfc000) (BuildId: 5285960aef86b1f9ce45c5340affdc182d1991a2)
03-25 15:00:57.314 23726 23726 F DEBUG   :       #15 pc 000000000001b9cc  /data/app/~~Qvp3qk5fjvweISs8Dgj0xw==/com.example.chat_app_frontend-2Itr9sYOQTNoIanWzjfy6A==/base.apk!libaosl.so (offset 0x3bfc000) (BuildId: 5285960aef86b1f9ce45c5340affdc182d1991a2)
03-25 15:00:57.314 23726 23726 F DEBUG   :       #16 pc 000000000001b614  /data/app/~~Qvp3qk5fjvweISs8Dgj0xw==/com.example.chat_app_frontend-2Itr9sYOQTNoIanWzjfy6A==/base.apk!libaosl.so (offset 0x3bfc000) (BuildId: 5285960aef86b1f9ce45c5340affdc182d1991a2)
03-25 15:00:57.314 23726 23726 F DEBUG   :       #17 pc 000000000001a60c  /data/app/~~Qvp3qk5fjvweISs8Dgj0xw==/com.example.chat_app_frontend-2Itr9sYOQTNoIanWzjfy6A==/base.apk!libaosl.so (offset 0x3bfc000) (BuildId: 5285960aef86b1f9ce45c5340affdc182d1991a2)
03-25 15:00:57.314 23726 23726 F DEBUG   :       #18 pc 000000000002c460  /data/app/~~Qvp3qk5fjvweISs8Dgj0xw==/com.example.chat_app_frontend-2Itr9sYOQTNoIanWzjfy6A==/base.apk!libaosl.so (offset 0x3bfc000) (BuildId: 5285960aef86b1f9ce45c5340affdc182d1991a2)
03-25 15:00:57.314 23726 23726 F DEBUG   :       #19 pc 00000000000c3a54  /apex/com.android.runtime/lib64/bionic/libc.so (__pthread_start(void*)+208) (BuildId: 527c3be62cdf19bf232b9e6d83dfa659)
03-25 15:00:57.314 23726 23726 F DEBUG   :       #20 pc 000000000005d3bc  /apex/com.android.runtime/lib64/bionic/libc.so (__start_thread+68) (BuildId: 527c3be62cdf19bf232b9e6d83dfa659)
03-25 15:00:57.418     0     0 E KERNEL  : [1087895.501750][T22521] BATTERY_CHG: handle_notification: [adsp] evtlog= [ADSP][CHG]BattMngrTech_handle_charger_limit_event. mode : 0x100, value : 1
03-25 15:00:57.418     0     0 E KERNEL  : [1087895.501765][T22521] BATTERY_CHG: handle_notification: [adsp] evtlog= [ADSP]Audio request to set LCM mode. value : 1
03-25 15:00:57.418     0     0 E KERNEL  : [1087895.501772][T22521] BATTERY_CHG: handle_notification: [adsp] evtlog= [ADSP]battman_control_lcm_mode enable = 1
03-25 15:00:57.418     0     0 E KERNEL  : [1087895.501772][T22521]
03-25 15:00:57.422     0     0 E KERNEL  : [1087895.506942][T19283] BATTERY_CHG: handle_notification: [adsp] evtlog= [ADSP]Get 0x26C2[7] : 0x0
03-25 15:00:57.422     0     0 E KERNEL  : [1087895.506942][T19283]
03-25 15:00:57.448     0     0 E KERNEL  : [1087895.532299][T22521] BATTERY_CHG: handle_notification: [adsp] evtlog= [ADSP]Audio set enable : 1, 0x26C2 : 0x1e
03-25 15:00:57.449     0     0 E KERNEL  : [1087895.532299][T22521]
03-25 15:00:57.540  2463  6693 E AppOps  : Operation not started: uid=10287 pkg=com.example.chat_app_frontend(null) op=RECORD_AUDIO
03-25 15:00:59.794     0     0 E KERNEL  : [1087897.877705][ T7998] cs35l45 9-0030: cs35l45_dsp_power_ev: event = 0x4, current amp_power_status = 1
03-25 15:00:59.794     0     0 E KERNEL  : [1087897.879762][ T7998] cs35l45 9-0030: cs35l45_dsp_power_ev : Get CS35L45_AMP_PCM_CONTROL : 0x101000
03-25 15:00:59.802     0     0 E KERNEL  : [1087897.884939][ T7998] cs35l45 9-0030: cs35l45_dsp_power_ev 0x4 : Set CS35L45_AMP_PCM_CONTROL mute : 0x1014CF
03-25 15:00:59.802     0     0 E KERNEL  : [1087897.884954][ T7998] cs35l45 9-0030: cs35l45_dsp_power_ev 0x4 : Begin finish mute 230ms work
03-25 15:00:59.802     0     0 E KERNEL  : [1087897.884981][ T7998] cs35l45 9-0031: cs35l45_dsp_power_ev: event = 0x4, current amp_power_status = 1
03-25 15:00:59.802     0     0 E KERNEL  : [1087897.886156][ T7998] cs35l45 9-0031: cs35l45_dsp_power_ev : Get CS35L45_AMP_PCM_CONTROL : 0x101000
03-25 15:00:59.806     0     0 E KERNEL  : [1087897.888702][ T7998] cs35l45 9-0031: cs35l45_dsp_power_ev 0x4 : Set CS35L45_AMP_PCM_CONTROL mute : 0x1014CF
03-25 15:00:59.806     0     0 E KERNEL  : [1087897.888711][ T7998] cs35l45 9-0031: cs35l45_dsp_power_ev 0x4 : Begin finish mute 230ms work
03-25 15:01:00.034     0     0 E KERNEL  : [1087898.115623][T19283] cs35l45 9-0030: cs35l45_pmu_finish_mute_delay_work : Finish pmu mute state (0x101000)
03-25 15:01:00.034     0     0 E KERNEL  : [1087898.115646][T19283] cs35l45 9-0030: cs35l45_pmu_finish_mute_delay_work : Set CS35L45_AMP_PCM_CONTROL : 0x101000
03-25 15:01:00.038     0     0 E KERNEL  : [1087898.119926][T19283] cs35l45 9-0031: cs35l45_pmu_finish_mute_delay_work : Finish pmu mute state (0x101000)
03-25 15:01:00.038     0     0 E KERNEL  : [1087898.119946][T19283] cs35l45 9-0031: cs35l45_pmu_finish_mute_delay_work : Set CS35L45_AMP_PCM_CONTROL : 0x101000
03-25 15:01:00.814     0     0 E KERNEL  : [1087898.897777][T16266] cs35l45 9-0031: cs35l45_dsp_pmd_delay_work begin and reset PCM VOLUME back to default : 0x101000
03-25 15:01:00.814     0     0 E KERNEL  : [1087898.898207][T19283] cs35l45 9-0030: cs35l45_dsp_pmd_delay_work begin and reset PCM VOLUME back to default : 0x101000
03-25 15:01:00.858     0     0 E KERNEL  : [1087898.940887][T21082] [schedu][0x1d305a021b80][08:01:00.855776] qca6490: [21082:E:CMN_MLME] cm_report_roam_rt_stats: Roam events stats is disabled
03-25 15:01:00.890  2463  6387 E TaskPersister: File error accessing recents directory (directory doesn't exist?).
03-25 15:01:01.219     0     0 E KERNEL  : [1087899.302899][T21082] [schedu][0x1d305a6c2b0d][08:01:01.217796] qca6490: [21082:E:CMN_MLME] cm_report_roam_rt_stats: Roam events stats is disabled
03-25 15:01:05.652  2463  2524 E Transition: Trying to add a ready-group twice: Display{#0 state=ON size=1080x2448 ROTATION_0}
03-25 15:01:05.962     0     0 E KERNEL  : [1087904.047188][T18061] BATTERY_CHG: handle_notification: [adsp] evtlog= [ADSP][CHG]BattMngrTech_handle_charger_limit_event. mode : 0x100, value : 0
03-25 15:01:05.962     0     0 E KERNEL  : [1087904.047193][T18061] BATTERY_CHG: handle_notification: [adsp] evtlog= [ADSP]Audio request to set LCM mode. value : 0
03-25 15:01:05.962     0     0 E KERNEL  : [1087904.047196][T18061] BATTERY_CHG: handle_notification: [adsp] evtlog= [ADSP]battman_control_lcm_mode enable = 0
03-25 15:01:05.962     0     0 E KERNEL  : [1087904.047196][T18061]
03-25 15:01:05.965     0     0 E KERNEL  : [1087904.048648][T19283] BATTERY_CHG: handle_notification: [adsp] evtlog= [ADSP]Get 0x26C2[7] : 0x0
03-25 15:01:05.965     0     0 E KERNEL  : [1087904.048648][T19283]
03-25 15:01:05.989     0     0 E KERNEL  : [1087904.074001][T19283] BATTERY_CHG: handle_notification: [adsp] evtlog= [ADSP]Audio set enable : 0, 0x26C2 : 0x3e
03-25 15:01:05.989     0     0 E KERNEL  : [1087904.074001][T19283]
03-25 15:01:05.991     0     0 E KERNEL  : [1087904.075717][ T3534] cs35l45 9-0031: cs35l45_amp_active_status_put : Get ASUS control command : 2
03-25 15:01:05.991     0     0 E KERNEL  : [1087904.075723][ T3534] cs35l45 9-0031: cs35l45_amp_active_status_put : Is LL make do not mute 1 sec( is LL PCM0)
03-25 15:01:05.991     0     0 E KERNEL  : [1087904.076296][ T3534] cs35l45 9-0030: cs35l45_amp_active_status_put : Get ASUS control command : 2
03-25 15:01:05.991     0     0 E KERNEL  : [1087904.076299][ T3534] cs35l45 9-0030: cs35l45_amp_active_status_put : Is LL make do not mute 1 sec( is LL PCM0)
03-25 15:01:06.016     0     0 E KERNEL  : [1087904.101205][ T6278] cs35l45 9-0030: cs35l45_dsp_power_ev: event = 0x2, current amp_power_status = 0
03-25 15:01:06.016     0     0 E KERNEL  : [1087904.101217][ T6278] cs35l45 9-0030: cs35l45_dsp_power_ev : Get CS35L45_AMP_PCM_CONTROL : 0x101000
03-25 15:01:06.017     0     0 E KERNEL  : [1087904.101222][ T6278] cs35l45 9-0030: cs35l45_dsp_power_ev 0x2 : Still in LL do not mute
03-25 15:01:06.020     0     0 E KERNEL  : [1087904.101228][ T6278] cs35l45 9-0030: cs35l45_dsp_power_ev 0x2 : Abandone  AMP Power down work
03-25 15:01:06.020     0     0 E KERNEL  : [1087904.101233][ T6278] cs35l45 9-0030: cs35l45_dsp_power_ev 0x2 : Begin finish mute 200ms work
03-25 15:01:06.020     0     0 E KERNEL  : [1087904.101757][ T6278] cs35l45 9-0031: cs35l45_dsp_power_ev: event = 0x2, current amp_power_status = 0
03-25 15:01:06.020     0     0 E KERNEL  : [1087904.101764][ T6278] cs35l45 9-0031: cs35l45_dsp_power_ev : Get CS35L45_AMP_PCM_CONTROL : 0x101000
03-25 15:01:06.020     0     0 E KERNEL  : [1087904.101766][ T6278] cs35l45 9-0031: cs35l45_dsp_power_ev 0x2 : Still in LL do not mute
03-25 15:01:06.020     0     0 E KERNEL  : [1087904.101768][ T6278] cs35l45 9-0031: cs35l45_dsp_power_ev 0x2 : Abandone  AMP Power down work
03-25 15:01:06.020     0     0 E KERNEL  : [1087904.101771][ T6278] cs35l45 9-0031: cs35l45_dsp_power_ev 0x2 : Begin finish mute 200ms work
03-25 15:01:06.218     0     0 E KERNEL  : [1087904.299649][T19283] cs35l45 9-0030: cs35l45_pmu_finish_mute_delay_work : Finish pmu mute state (0x101000)
03-25 15:01:06.218     0     0 E KERNEL  : [1087904.299677][T19283] cs35l45 9-0030: cs35l45_pmu_finish_mute_delay_work : Set CS35L45_AMP_PCM_CONTROL : 0x101000
03-25 15:01:06.218     0     0 E KERNEL  : [1087904.300276][T19283] cs35l45 9-0031: cs35l45_pmu_finish_mute_delay_work : Finish pmu mute state (0x101000)
03-25 15:01:06.218     0     0 E KERNEL  : [1087904.300288][T19283] cs35l45 9-0031: cs35l45_pmu_finish_mute_delay_work : Set CS35L45_AMP_PCM_CONTROL : 0x101000
03-25 15:01:06.506     0     0 E KERNEL  : [1087904.588227][T18061] cs35l45 9-0031: cs35l45_ll_do_not_mute_delay_work : Finish LL make do not mute 1 sec(1)
03-25 15:01:06.506     0     0 E KERNEL  : [1087904.588967][T18061] cs35l45 9-0030: cs35l45_ll_do_not_mute_delay_work : Finish LL make do not mute 1 sec(1)
03-25 15:01:07.922     0     0 E KERNEL  : [1087906.003712][T21082] [schedu][0x1d3062174b5a][08:01:07.918600] qca6490: [21082:E:CMN_MLME] cm_report_roam_rt_stats: Roam events stats is disabled
03-25 15:01:08.182     0     0 E KERNEL  : [1087906.265331][T21082] [schedu][0x1d306263f078][08:01:08.180215] qca6490: [21082:E:CMN_MLME] cm_report_roam_rt_stats: Roam events stats is disabled
03-25 15:01:08.182     0     0 E KERNEL  : [1087906.265715][T21082] [schedu][0x1d3062640e29][08:01:08.180611] qca6490: [21082:E:CMN_MLME] cm_report_roam_rt_stats: Roam events stats is disabled
03-25 15:01:09.664  2463  6387 E TaskPersister: File error accessing recents directory (directory doesn't exist?).
03-25 15:01:11.462     0     0 E KERNEL  : [1087909.545617][T21082] [schedu][0x1d306624f6d4][08:01:11.460513] qca6490: [21082:E:CMN_MLME] cm_report_roam_rt_stats: Roam events stats is disabled
03-25 15:01:23.566     0     0 E KERNEL  : [1087921.649980][T19283] BATTERY_CHG: handle_notification: [adsp] evtlog= fg_stub check : data_scale_hi = 100.000000, record data_scale_hi = 0
03-25 15:01:23.566     0     0 E KERNEL  : [1087921.650014][T19283] BATTERY_CHG: handle_notification: [adsp] evtlog= data1 >95 && cable connected, data_scale_hi_origin =95.000000,data_scale_hi = 100.000000
03-25 15:01:23.886     0     0 E KERNEL  : [1087921.967844][T18061] BATTERY_CHG: handle_notification: [adsp] evtlog= [FG] fg_stub_get_AltManufacturerAccess_data: FG 0x4280: 0x11d74280
03-25 15:01:23.990     0     0 E KERNEL  : [1087922.072649][T18061] BATTERY_CHG: handle_notification: [adsp] evtlog= [FG] fg_stub_get_AltManufacturerAccess_data: FG 0x4282: 0x11cb4282
03-25 15:01:24.122     0     0 E KERNEL  : [1087922.204052][T18061] BATTERY_CHG: handle_notification: [adsp] evtlog= [FG][BAT] SOC=100, RSOC=100, FCC=4234, RM=4234, d_cap=5600, t=3114, v=8556, c=0
03-25 15:01:24.122     0     0 E KERNEL  : [1087922.204077][T18061] BATTERY_CHG: handle_notification: [adsp] evtlog= [FG][BAT] TRM=4242, TFCC=4234, Vcell1=4277, Vcell2=4278, chg_st=4, gau_st=0xd185a, op_st=0x386, saf_st=0x0
03-25 15:01:24.122     0     0 E KERNEL  : [1087922.207301][T18061] BATTERY_CHG: handle_notification: [adsp] evtlog= 18W_Workaround. chg_type=14, VBUS=4864000 uV, ICL_Result : 39
03-25 15:01:24.127     0     0 E KERNEL  : [1087922.210904][T18061] BATTERY_CHG: handle_notification: [adsp] evtlog= [ADSP][CHG]BattMngrTech_ASUS_Jeita_Rule. temp : 385, voltage : 8556 mV, vfloat : 8720 mV, bat_safe_con=4
03-25 15:01:24.127     0     0 E KERNEL  : [1087922.210918][T18061] BATTERY_CHG: handle_notification: [adsp] evtlog= [ADSP][CHG]BattMngrTech_ASUS_Jeita_Rule++, FV_mV=8720, bat_safe_fw_update_condition=4
03-25 15:01:24.127     0     0 E KERNEL  : [1087922.210955][T19283] BATTERY_CHG: handle_notification: [adsp] evtlog= [ADSP][CHG]BattMngrTech_ASUS_Jeita_Update. old_FV : 8720 mV, new_FV : 8720 mV, FCC : 4200 mA
03-25 15:01:24.127     0     0 E KERNEL  : [1087922.211013][T18061] BATTERY_CHG: handle_notification: [adsp] evtlog= [BAT][CHG]BattMngrTech_Update_Charging_Pause_Result. charging_paused=0, pre_pause_status=0
03-25 15:01:24.127     0     0 E KERNEL  : [1087922.211247][T18061] BATTERY_CHG: handle_notification: [adsp] evtlog= [ICM][NCP][STBY] ncp_stby_db - chgr_type=14, chgr_stat=7, soc=100, discnt=0
03-25 15:01:28.098     0     0 E KERNEL  : [1087926.183223][T21082] [schedu][0x1d30792f411b][08:01:28.098090] qca6490: [21082:E:CMN_MLME] cm_report_roam_rt_stats: Roam events stats is disabled
03-25 15:01:28.458     0     0 E KERNEL  : [1087926.541799][T21082] [schedu][0x1d3079985076][08:01:28.456695] qca6490: [21082:E:CMN_MLME] cm_report_roam_rt_stats: Roam events stats is disabled
03-25 15:01:47.274     0     0 E KERNEL  : [1087945.355537][T14310] [BAT][CHG][ERR][BAT][CHG]update_battery_safe +++
03-25 15:01:47.274     0     0 E KERNEL  : [1087945.358758][T14310] [BAT][CHG][ERR][BAT][CHG]update_battery_safe temp=383, capacity=100, cycle_count=919
03-25 15:01:47.274     0     0 E KERNEL  : [1087945.358779][T14310] BATTERY_CHG: calculation_time_fun: calculation_time_fun +++
03-25 15:01:47.274     0     0 E KERNEL  : [1087945.358789][T14310] BATTERY_CHG: calculation_time_fun: calculation_time_fun +++
03-25 15:01:47.274     0     0 E KERNEL  : [1087945.358795][T14310] BATTERY_CHG: calculation_time_fun: calculation_time_fun +++
03-25 15:01:47.274     0     0 E KERNEL  : [1087945.358803][T14310] [BAT][CHG][ERR][BAT][CHG]backup_bat_percentage bat_percent=0; reload_condition=2
03-25 15:01:47.275     0     0 E KERNEL  : [1087945.359405][T22521] BATTERY_CHG: handle_notification: [adsp] evtlog= [ADSP][CHG] GET FROM KERENL TO ADSP [ADSP], data_scale_hi=100,rspMsg.bat_scale==100
03-25 15:01:47.275     0     0 E KERNEL  : [1087945.359405][T22521]
03-25 15:01:47.275     0     0 E KERNEL  : [1087945.359675][T22521] [BAT][CHG][ERR]GET FROM KERENL TO ADSP [KERNEL], adsp_bat_scale = 100
03-25 15:01:47.279     0     0 E KERNEL  : [1087945.362277][T14310] [BAT][CHG][ERR][BAT][CHG]backup_bat_safety backup_bat_scale=100
03-25 15:01:47.279     0     0 E KERNEL  : [1087945.362402][T14310] [BAT][CHG][ERR][BAT][CHG]set_full_charging_voltage, fg_condition_change : 0
03-25 15:01:47.314     0     0 E KERNEL  : [1087945.396507][T24131] [BAT][CHG][ERR]fg_soc_remap_scale_show, adsp_bat_scale_1 = 100
03-25 15:01:54.146     0     0 E KERNEL  : [1087952.229713][T16266] BATTERY_CHG: handle_notification: [adsp] evtlog= fg_stub check : data_scale_hi = 100.000000, record data_scale_hi = 0
03-25 15:01:54.146     0     0 E KERNEL  : [1087952.229753][T16266] BATTERY_CHG: handle_notification: [adsp] evtlog= data1 >95 && cable connected, data_scale_hi_origin =95.000000,data_scale_hi = 100.000000
03-25 15:01:54.466     0     0 E KERNEL  : [1087952.547521][T18061] BATTERY_CHG: handle_notification: [adsp] evtlog= [FG] fg_stub_get_AltManufacturerAccess_data: FG 0x4280: 0x11d74280
03-25 15:01:54.570     0     0 E KERNEL  : [1087952.652283][T16266] BATTERY_CHG: handle_notification: [adsp] evtlog= [FG] fg_stub_get_AltManufacturerAccess_data: FG 0x4282: 0x11cb4282
03-25 15:01:54.702     0     0 E KERNEL  : [1087952.785500][T18061] BATTERY_CHG: handle_notification: [adsp] evtlog= [FG][BAT] SOC=100, RSOC=100, FCC=4234, RM=4234, d_cap=5600, t=3113, v=8555, c=0
03-25 15:01:54.702     0     0 E KERNEL  : [1087952.785534][T18061] BATTERY_CHG: handle_notification: [adsp] evtlog= [FG][BAT] TRM=4242, TFCC=4234, Vcell1=4277, Vcell2=4278, chg_st=4, gau_st=0xd185a, op_st=0x386, saf_st=0x0
03-25 15:01:54.706     0     0 E KERNEL  : [1087952.789294][T18061] BATTERY_CHG: handle_notification: [adsp] evtlog= 18W_Workaround. chg_type=14, VBUS=4983000 uV, ICL_Result : 39
03-25 15:01:54.710     0     0 E KERNEL  : [1087952.793368][T18061] BATTERY_CHG: handle_notification: [adsp] evtlog= [ADSP][CHG]BattMngrTech_ASUS_Jeita_Rule. temp : 383, voltage : 8555 mV, vfloat : 8720 mV, bat_safe_con=4
03-25 15:01:54.710     0     0 E KERNEL  : [1087952.793392][T18061] BATTERY_CHG: handle_notification: [adsp] evtlog= [ADSP][CHG]BattMngrTech_ASUS_Jeita_Rule++, FV_mV=8720, bat_safe_fw_update_condition=4
03-25 15:01:54.710     0     0 E KERNEL  : [1087952.793408][T18061] BATTERY_CHG: handle_notification: [adsp] evtlog= [ADSP][CHG]BattMngrTech_ASUS_Jeita_Update. old_FV : 8720 mV, new_FV : 8720 mV, FCC : 4200 mA
03-25 15:01:54.710     0     0 E KERNEL  : [1087952.793510][T16266] BATTERY_CHG: handle_notification: [adsp] evtlog= [BAT][CHG]BattMngrTech_Update_Charging_Pause_Result. charging_paused=0, pre_pause_status=0
03-25 15:01:54.710     0     0 E KERNEL  : [1087952.793716][T16266] BATTERY_CHG: handle_notification: [adsp] evtlog= [ICM][NCP][STBY] ncp_stby_db - chgr_type=14, chgr_stat=7, soc=100, discnt=0
03-25 15:02:24.448  2463  3208 E HandwritingModeController: Cannot get requestId: Handwriting was not initialized.
03-25 15:02:24.463  2463  3208 E HandwritingModeController: Cannot get requestId: Handwriting was not initialized.
03-25 15:02:24.479  2463  3208 E HandwritingModeController: Cannot get requestId: Handwriting was not initialized.
03-25 15:02:24.726     0     0 E KERNEL  : [1087982.810945][T19283] BATTERY_CHG: handle_notification: [adsp] evtlog= fg_stub check : data_scale_hi = 100.000000, record data_scale_hi = 0
03-25 15:02:24.726     0     0 E KERNEL  : [1087982.810969][T19283] BATTERY_CHG: handle_notification: [adsp] evtlog= data1 >95 && cable connected, data_scale_hi_origin =95.000000,data_scale_hi = 100.000000
03-25 15:02:25.042     0     0 E KERNEL  : [1087983.127375][T16266] BATTERY_CHG: handle_notification: [adsp] evtlog= [FG] fg_stub_get_AltManufacturerAccess_data: FG 0x4280: 0x11d74280
03-25 15:02:25.150     0     0 E KERNEL  : [1087983.231526][ T9480] BATTERY_CHG: handle_notification: [adsp] evtlog= [FG] fg_stub_get_AltManufacturerAccess_data: FG 0x4282: 0x11cb4282
03-25 15:02:25.284     0     0 E KERNEL  : [1087983.368540][ T9480] BATTERY_CHG: handle_notification: [adsp] evtlog= [FG][BAT] SOC=100, RSOC=100, FCC=4234, RM=4234, d_cap=5600, t=3112, v=8554, c=0
03-25 15:02:25.284     0     0 E KERNEL  : [1087983.368555][ T9480] BATTERY_CHG: handle_notification: [adsp] evtlog= [FG][BAT] TRM=4242, TFCC=4234, Vcell1=4276, Vcell2=4277, chg_st=4, gau_st=0xd185a, op_st=0x386, saf_st=0x0
03-25 15:02:25.284     0     0 E KERNEL  : [1087983.368559][ T9480] BATTERY_CHG: handle_notification: [adsp] evtlog= 18W_Workaround. chg_type=14, VBUS=4640000 uV, ICL_Result : 39
03-25 15:02:25.286     0     0 E KERNEL  : [1087983.369987][T19283] BATTERY_CHG: handle_notification: [adsp] evtlog= [ADSP][CHG]BattMngrTech_ASUS_Jeita_Rule. temp : 381, voltage : 8554 mV, vfloat : 8720 mV, bat_safe_con=4
03-25 15:02:25.286     0     0 E KERNEL  : [1087983.370006][T19283] BATTERY_CHG: handle_notification: [adsp] evtlog= [ADSP][CHG]BattMngrTech_ASUS_Jeita_Rule++, FV_mV=8720, bat_safe_fw_update_condition=4
03-25 15:02:25.286     0     0 E KERNEL  : [1087983.370071][T19283] BATTERY_CHG: handle_notification: [adsp] evtlog= [ADSP][CHG]BattMngrTech_ASUS_Jeita_Update. old_FV : 8720 mV, new_FV : 8720 mV, FCC : 4200 mA
03-25 15:02:25.286     0     0 E KERNEL  : [1087983.370080][T19283] BATTERY_CHG: handle_notification: [adsp] evtlog= [BAT][CHG]BattMngrTech_Update_Charging_Pause_Result. charging_paused=0, pre_pause_status=0
03-25 15:02:25.286     0     0 E KERNEL  : [1087983.370787][T19283] BATTERY_CHG: handle_notification: [adsp] evtlog= [ICM][NCP][STBY] ncp_stby_db - chgr_type=14, chgr_stat=7, soc=100, discnt=0
03-25 15:02:25.954     0     0 E KERNEL  : [1087984.039082][T21082] [schedu][0x1d30bb653847][08:02:25.953973] qca6490: [21082:E:CMN_MLME] cm_report_roam_rt_stats: Roam events stats is disabled
03-25 15:02:25.973  2463  3208 E HandwritingModeController: Cannot get requestId: Handwriting was not initialized.
03-25 15:02:25.975  2463  3208 E HandwritingModeController: Cannot get requestId: Handwriting was not initialized.
03-25 15:02:25.997  2463  3208 E HandwritingModeController: Cannot get requestId: Handwriting was not initialized.
03-25 15:02:26.113     0     0 E KERNEL  : [1087984.195572][T21082] [schedu][0x1d30bb9310fa][08:02:26.110462] qca6490: [21082:E:CMN_MLME] cm_report_roam_rt_stats: Roam events stats is disabled
03-25 15:02:26.113     0     0 E KERNEL  : [1087984.196591][T21082] [schedu][0x1d30bb935de5][08:02:26.111488] qca6490: [21082:E:CMN_MLME] cm_report_roam_rt_stats: Roam events stats is disabled
03-25 15:02:27.262 10991 10991 E ActivityThread: Failed to find provider info for com.ss.android.ugc.trill.apm
03-25 15:02:27.274     0     0 E KERNEL  : [1087985.357449][ T1380] [ASH_Factory][light]Light Sensor read Calibration open (/vendor/factory/lsensor.nv) fail
03-25 15:02:27.274     0     0 E KERNEL  : [1087985.357459][ T1380] [ASH_Factory][light]Light Sensor read 50MS Calibration open (/vendor/factory/lsensor_50ms.nv) fail
03-25 15:02:27.281     0     0 E KERNEL  : [1087985.366355][  T889] [Display][msm-dsi:dsi_display_set_mode] resolution=2448*1080, fps=120
03-25 15:02:27.281     0     0 E KERNEL  : [1087985.366358][  T889] [Display][msm-dsi:dsi_bridge_pre_enable] display on +++
03-25 15:02:27.287     0     0 E KERNEL  : [1087985.371898][  T889] [Display][msm-dsi:dsi_bridge_pre_enable] display on ---
03-25 15:02:27.330     0     0 E KERNEL  : [1087985.413136][ T4159] [Display][msm-dsi:hbm_mode_read] hbm mode is 0
03-25 15:02:27.330     0     0 E KERNEL  : [1087985.413190][ T4159] [Display][msm-dsi:hbm_mode_read] hbm mode is 0
03-25 15:02:28.753  2463  6387 E TaskPersister: File error accessing recents directory (directory doesn't exist?).
03-25 15:02:29.585     0     0 E KERNEL  : [1087987.670058][T21082] [schedu][0x1d30bf8cfbf4][08:02:29.584955] qca6490: [21082:E:CMN_MLME] cm_report_roam_rt_stats: Roam events stats is disabled
03-25 15:02:37.622     0     0 E KERNEL  : [1087995.706521][T21082] [schedu][0x1d30c8bf6a2b][08:02:37.621411] qca6490: [21082:E:CMN_MLME] cm_report_roam_rt_stats: Roam events stats is disabled
03-25 15:02:37.986     0     0 E KERNEL  : [1087996.071336][T21082] [schedu][0x1d30c92a4bc1][08:02:37.986232] qca6490: [21082:E:CMN_MLME] cm_report_roam_rt_stats: Roam events stats is disabled
03-25 15:02:48.715     0     0 E KERNEL  : [1088006.795558][T17424] [BAT][CHG][ERR][BAT][CHG]update_battery_safe +++
03-25 15:02:48.715     0     0 E KERNEL  : [1088006.799678][T17424] [BAT][CHG][ERR][BAT][CHG]update_battery_safe temp=381, capacity=100, cycle_count=919
03-25 15:02:48.715     0     0 E KERNEL  : [1088006.799698][T17424] BATTERY_CHG: calculation_time_fun: calculation_time_fun +++
03-25 15:02:48.715     0     0 E KERNEL  : [1088006.799710][T17424] BATTERY_CHG: calculation_time_fun: calculation_time_fun +++
03-25 15:02:48.715     0     0 E KERNEL  : [1088006.799718][T17424] BATTERY_CHG: calculation_time_fun: calculation_time_fun +++
03-25 15:02:48.715     0     0 E KERNEL  : [1088006.799727][T17424] [BAT][CHG][ERR][BAT][CHG]backup_bat_percentage bat_percent=0; reload_condition=2
03-25 15:02:48.716     0     0 E KERNEL  : [1088006.800836][T16266] BATTERY_CHG: handle_notification: [adsp] evtlog= [ADSP][CHG] GET FROM KERENL TO ADSP [ADSP], data_scale_hi=100,rspMsg.bat_scale==100
03-25 15:02:48.716     0     0 E KERNEL  : [1088006.800836][T16266]
03-25 15:02:48.716     0     0 E KERNEL  : [1088006.800853][T16266] [BAT][CHG][ERR]GET FROM KERENL TO ADSP [KERNEL], adsp_bat_scale = 100
03-25 15:02:48.716     0     0 E KERNEL  : [1088006.800896][T17424] [BAT][CHG][ERR][BAT][CHG]backup_bat_safety backup_bat_scale=100
03-25 15:02:48.716     0     0 E KERNEL  : [1088006.800949][T17424] [BAT][CHG][ERR][BAT][CHG]set_full_charging_voltage, fg_condition_change : 0
03-25 15:02:48.755     0     0 E KERNEL  : [1088006.840860][T24689] [BAT][CHG][ERR]fg_soc_remap_scale_show, adsp_bat_scale_1 = 100
03-25 15:02:55.306     0     0 E KERNEL  : [1088013.388859][T19283] BATTERY_CHG: handle_notification: [adsp] evtlog= fg_stub check : data_scale_hi = 100.000000, record data_scale_hi = 0
03-25 15:02:55.306     0     0 E KERNEL  : [1088013.388892][T19283] BATTERY_CHG: handle_notification: [adsp] evtlog= data1 >95 && cable connected, data_scale_hi_origin =95.000000,data_scale_hi = 100.000000
03-25 15:02:55.622     0     0 E KERNEL  : [1088013.705858][T18061] BATTERY_CHG: handle_notification: [adsp] evtlog= [FG] fg_stub_get_AltManufacturerAccess_data: FG 0x4280: 0x11d74280
03-25 15:02:55.726     0     0 E KERNEL  : [1088013.810470][T18061] BATTERY_CHG: handle_notification: [adsp] evtlog= [FG] fg_stub_get_AltManufacturerAccess_data: FG 0x4282: 0x11cb4282
03-25 15:02:55.858     0     0 E KERNEL  : [1088013.942786][T16266] BATTERY_CHG: handle_notification: [adsp] evtlog= [FG][BAT] SOC=100, RSOC=100, FCC=4234, RM=4234, d_cap=5600, t=3110, v=8553, c=0
03-25 15:02:55.858     0     0 E KERNEL  : [1088013.942820][T16266] BATTERY_CHG: handle_notification: [adsp] evtlog= [FG][BAT] TRM=4242, TFCC=4234, Vcell1=4276, Vcell2=4277, chg_st=4, gau_st=0xd185a, op_st=0x386, saf_st=0x0
03-25 15:02:55.862     0     0 E KERNEL  : [1088013.946702][T16266] BATTERY_CHG: handle_notification: [adsp] evtlog= 18W_Workaround. chg_type=14, VBUS=5003000 uV, ICL_Result : 40
03-25 15:02:55.866     0     0 E KERNEL  : [1088013.950778][T16266] BATTERY_CHG: handle_notification: [adsp] evtlog= [ADSP][CHG]BattMngrTech_ASUS_Jeita_Rule. temp : 380, voltage : 8553 mV, vfloat : 8720 mV, bat_safe_con=4
03-25 15:02:55.866     0     0 E KERNEL  : [1088013.950797][T16266] BATTERY_CHG: handle_notification: [adsp] evtlog= [ADSP][CHG]BattMngrTech_ASUS_Jeita_Rule++, FV_mV=8720, bat_safe_fw_update_condition=4
03-25 15:02:55.866     0     0 E KERNEL  : [1088013.950807][T16266] BATTERY_CHG: handle_notification: [adsp] evtlog= [ADSP][CHG]BattMngrTech_ASUS_Jeita_Update. old_FV : 8720 mV, new_FV : 8720 mV, FCC : 4200 mA
03-25 15:02:55.866     0     0 E KERNEL  : [1088013.950900][T16266] BATTERY_CHG: handle_notification: [adsp] evtlog= [BAT][CHG]BattMngrTech_Update_Charging_Pause_Result. charging_paused=0, pre_pause_status=0
03-25 15:02:55.866     0     0 E KERNEL  : [1088013.951114][T16266] BATTERY_CHG: handle_notification: [adsp] evtlog= [ICM][NCP][STBY] ncp_stby_db - chgr_type=14, chgr_stat=7, soc=100, discnt=0
03-25 15:03:02.202     0     0 E KERNEL  : [1088020.287236][T21082] [schedu][0x1d30e4e0cb6c][08:03:02.202121] qca6490: [21082:E:CMN_MLME] cm_report_roam_rt_stats: Roam events stats is disabled
03-25 15:03:02.454     0     0 E KERNEL  : [1088020.536619][T21082] [schedu][0x1d30e529db35][08:03:02.451505] qca6490: [21082:E:CMN_MLME] cm_report_roam_rt_stats: Roam events stats is disabled
03-25 15:03:02.454     0     0 E KERNEL  : [1088020.536972][T21082] [schedu][0x1d30e529f679][08:03:02.451869] qca6490: [21082:E:CMN_MLME] cm_report_roam_rt_stats: Roam events stats is disabled
03-25 15:03:06.274     0     0 E KERNEL  : [1088024.356137][T21082] [schedu][0x1d30e988dbac][08:03:06.271031] qca6490: [21082:E:CMN_MLME] cm_report_roam_rt_stats: Roam events stats is disabled
03-25 15:03:25.886     0     0 E KERNEL  : [1088043.970259][T16266] BATTERY_CHG: handle_notification: [adsp] evtlog= fg_stub check : data_scale_hi = 100.000000, record data_scale_hi = 0
03-25 15:03:25.886     0     0 E KERNEL  : [1088043.970288][T16266] BATTERY_CHG: handle_notification: [adsp] evtlog= data1 >95 && cable connected, data_scale_hi_origin =95.000000,data_scale_hi = 100.000000
03-25 15:03:26.206     0     0 E KERNEL  : [1088044.287823][T16266] BATTERY_CHG: handle_notification: [adsp] evtlog= [FG] fg_stub_get_AltManufacturerAccess_data: FG 0x4280: 0x11d74280
03-25 15:03:26.310     0     0 E KERNEL  : [1088044.392711][T16266] BATTERY_CHG: handle_notification: [adsp] evtlog= [FG] fg_stub_get_AltManufacturerAccess_data: FG 0x4282: 0x11cb4282
03-25 15:03:26.442     0     0 E KERNEL  : [1088044.525230][T16266] BATTERY_CHG: handle_notification: [adsp] evtlog= [FG][BAT] SOC=100, RSOC=100, FCC=4234, RM=4234, d_cap=5600, t=3108, v=8552, c=0
03-25 15:03:26.442     0     0 E KERNEL  : [1088044.525268][T16266] BATTERY_CHG: handle_notification: [adsp] evtlog= [FG][BAT] TRM=4242, TFCC=4234, Vcell1=4276, Vcell2=4276, chg_st=4, gau_st=0xd185a, op_st=0x386, saf_st=0x0
03-25 15:03:26.446     0     0 E KERNEL  : [1088044.530927][T16266] BATTERY_CHG: handle_notification: [adsp] evtlog= 18W_Workaround. chg_type=14, VBUS=4963000 uV, ICL_Result : 40
03-25 15:03:26.450     0     0 E KERNEL  : [1088044.534882][T16266] BATTERY_CHG: handle_notification: [adsp] evtlog= [ADSP][CHG]BattMngrTech_ASUS_Jeita_Rule. temp : 379, voltage : 8553 mV, vfloat : 8720 mV, bat_safe_con=4
03-25 15:03:26.450     0     0 E KERNEL  : [1088044.534899][T16266] BATTERY_CHG: handle_notification: [adsp] evtlog= [ADSP][CHG]BattMngrTech_ASUS_Jeita_Rule++, FV_mV=8720, bat_safe_fw_update_condition=4
03-25 15:03:26.450     0     0 E KERNEL  : [1088044.534908][T16266] BATTERY_CHG: handle_notification: [adsp] evtlog= [ADSP][CHG]BattMngrTech_ASUS_Jeita_Update. old_FV : 8720 mV, new_FV : 8720 mV, FCC : 4200 mA
03-25 15:03:26.450     0     0 E KERNEL  : [1088044.535036][T18061] BATTERY_CHG: handle_notification: [adsp] evtlog= [BAT][CHG]BattMngrTech_Update_Charging_Pause_Result. charging_paused=0, pre_pause_status=0
03-25 15:03:26.450     0     0 E KERNEL  : [1088044.535318][T18061] BATTERY_CHG: handle_notification: [adsp] evtlog= [ICM][NCP][STBY] ncp_stby_db - chgr_type=14, chgr_stat=7, soc=100, discnt=0
03-25 15:03:35.478     0     0 E KERNEL  : [1088053.562210][T21082] [schedu][0x1d310af5529a][08:03:35.477097] qca6490: [21082:E:CMN_MLME] cm_report_roam_rt_stats: Roam events stats is disabled
03-25 15:03:35.782     0     0 E KERNEL  : [1088053.864878][T21082] [schedu][0x1d310b4dff70][08:03:35.779775] qca6490: [21082:E:CMN_MLME] cm_report_roam_rt_stats: Roam events stats is disabled
03-25 15:03:36.610     0     0 E KERNEL  : [1088054.693185][T21082] [schedu][0x1d310c40a9c0][08:03:36.608072] qca6490: [21082:E:CMN_MLME] cm_report_roam_rt_stats: Roam events stats is disabled
03-25 15:03:36.966     0     0 E KERNEL  : [1088055.050144][T21082] [schedu][0x1d310ca93d64][08:03:36.965027] qca6490: [21082:E:CMN_MLME] cm_report_roam_rt_stats: Roam events stats is disabled
03-25 15:03:36.966     0     0 E KERNEL  : [1088055.051112][T21082] [schedu][0x1d310ca986e2][08:03:36.966007] qca6490: [21082:E:CMN_MLME] cm_report_roam_rt_stats: Roam events stats is disabled
03-25 15:03:40.459     0     0 E KERNEL  : [1088058.544303][T21082] [schedu][0x1d3110a8ec46][08:03:40.459199] qca6490: [21082:E:CMN_MLME] cm_report_roam_rt_stats: Roam events stats is disabled
03-25 15:03:44.494     0     0 E KERNEL  : [1088062.576244][T21082] [schedu][0x1d31154626c9][08:03:44.491126] qca6490: [21082:E:CMN_MLME] cm_report_roam_rt_stats: Roam events stats is disabled
03-25 15:03:44.854     0     0 E KERNEL  : [1088062.937541][T21082] [schedu][0x1d3115b0010c][08:03:44.852436] qca6490: [21082:E:CMN_MLME] cm_report_roam_rt_stats: Roam events stats is disabled
03-25 15:03:50.155     0     0 E KERNEL  : [1088068.236130][T17424] [BAT][CHG][ERR][BAT][CHG]update_battery_safe +++
03-25 15:03:50.155     0     0 E KERNEL  : [1088068.239691][T17424] [BAT][CHG][ERR][BAT][CHG]update_battery_safe temp=377, capacity=100, cycle_count=919
03-25 15:03:50.155     0     0 E KERNEL  : [1088068.239715][T17424] BATTERY_CHG: calculation_time_fun: calculation_time_fun +++
03-25 15:03:50.155     0     0 E KERNEL  : [1088068.239725][T17424] BATTERY_CHG: calculation_time_fun: calculation_time_fun +++
03-25 15:03:50.155     0     0 E KERNEL  : [1088068.239734][T17424] BATTERY_CHG: calculation_time_fun: calculation_time_fun +++
03-25 15:03:50.155     0     0 E KERNEL  : [1088068.239744][T17424] [BAT][CHG][ERR][BAT][CHG]backup_bat_percentage bat_percent=0; reload_condition=2
03-25 15:03:50.158     0     0 E KERNEL  : [1088068.243317][ T9480] BATTERY_CHG: handle_notification: [adsp] evtlog= [ADSP][CHG] GET FROM KERENL TO ADSP [ADSP], data_scale_hi=100,rspMsg.bat_scale==100
03-25 15:03:50.158     0     0 E KERNEL  : [1088068.243317][ T9480]
03-25 15:03:50.158     0     0 E KERNEL  : [1088068.243335][ T9480] [BAT][CHG][ERR]GET FROM KERENL TO ADSP [KERNEL], adsp_bat_scale = 100
03-25 15:03:50.162     0     0 E KERNEL  : [1088068.243787][T17424] [BAT][CHG][ERR][BAT][CHG]backup_bat_safety backup_bat_scale=100
03-25 15:03:50.162     0     0 E KERNEL  : [1088068.243833][T17424] [BAT][CHG][ERR][BAT][CHG]set_full_charging_voltage, fg_condition_change : 0
03-25 15:03:50.196     0     0 E KERNEL  : [1088068.281700][T24919] [BAT][CHG][ERR]fg_soc_remap_scale_show, adsp_bat_scale_1 = 100
03-25 15:03:51.782     0     0 E KERNEL  : [1088069.855251][  T889] [Display][msm-dsi:dsi_display_set_mode] resolution=2448*1080, fps=60
03-25 15:03:51.782     0     0 E KERNEL  : [1088069.855265][  T889] [Display][msm-dsi:dsi_bridge_pre_enable] display on +++
03-25 15:03:51.782     0     0 E KERNEL  : [1088069.858995][  T889] [Display][msm-dsi:dsi_bridge_pre_enable] display on ---
03-25 15:03:51.789     0     0 E KERNEL  : [1088069.873548][ T4159] [Display][msm-dsi:hbm_mode_read] hbm mode is 0
03-25 15:03:51.789     0     0 E KERNEL  : [1088069.873650][ T4159] [Display][msm-dsi:hbm_mode_read] hbm mode is 0
03-25 15:03:52.822     0     0 E KERNEL  : [1088070.906871][  T889] [Display][msm-dsi:dsi_display_set_mode] resolution=2448*1080, fps=120
03-25 15:03:52.822     0     0 E KERNEL  : [1088070.906884][  T889] [Display][msm-dsi:dsi_bridge_pre_enable] display on +++
03-25 15:03:52.826     0     0 E KERNEL  : [1088070.909670][  T889] [Display][msm-dsi:dsi_bridge_pre_enable] display on ---
03-25 15:03:52.869     0     0 E KERNEL  : [1088070.953755][ T4159] [Display][msm-dsi:hbm_mode_read] hbm mode is 0
03-25 15:03:52.869     0     0 E KERNEL  : [1088070.953802][ T4159] [Display][msm-dsi:hbm_mode_read] hbm mode is 0
03-25 15:03:55.835     0     0 E KERNEL  : [1088073.914503][  T889] [Display][msm-dsi:dsi_display_set_mode] resolution=2448*1080, fps=60
03-25 15:03:55.835     0     0 E KERNEL  : [1088073.914518][  T889] [Display][msm-dsi:dsi_bridge_pre_enable] display on +++
03-25 15:03:55.835     0     0 E KERNEL  : [1088073.917903][  T889] [Display][msm-dsi:dsi_bridge_pre_enable] display on ---
03-25 15:03:55.843     0     0 E KERNEL  : [1088073.927574][ T4159] [Display][msm-dsi:hbm_mode_read] hbm mode is 0
03-25 15:03:55.843     0     0 E KERNEL  : [1088073.927618][ T4159] [Display][msm-dsi:hbm_mode_read] hbm mode is 0
03-25 15:03:56.474     0     0 E KERNEL  : [1088074.556941][T19283] BATTERY_CHG: handle_notification: [adsp] evtlog= fg_stub check : data_scale_hi = 100.000000, record data_scale_hi = 0
03-25 15:03:56.474     0     0 E KERNEL  : [1088074.556980][T19283] BATTERY_CHG: handle_notification: [adsp] evtlog= data1 >95 && cable connected, data_scale_hi_origin =95.000000,data_scale_hi = 100.000000
03-25 15:03:56.790     0     0 E KERNEL  : [1088074.874570][T18061] BATTERY_CHG: handle_notification: [adsp] evtlog= [FG] fg_stub_get_AltManufacturerAccess_data: FG 0x4280: 0x11d74280
03-25 15:03:56.894     0     0 E KERNEL  : [1088074.979355][T18061] BATTERY_CHG: handle_notification: [adsp] evtlog= [FG] fg_stub_get_AltManufacturerAccess_data: FG 0x4282: 0x11cb4282
03-25 15:03:57.029     0     0 E KERNEL  : [1088075.111944][T19283] BATTERY_CHG: handle_notification: [adsp] evtlog= [FG][BAT] SOC=100, RSOC=100, FCC=4234, RM=4234, d_cap=5600, t=3107, v=8552, c=0
