03-25 15:10:00.050     0     0 E KERNEL  : [1088438.132177][ T1380] [ASH_Factory][light]Light Sensor read 50MS Calibration open (/vendor/factory/lsensor_50ms.nv) fail
03-25 15:10:21.294     0     0 E KERNEL  : [1088459.376648][T21082] [schedu][0x1d32db604504][08:10:21.291529] qca6490: [21082:E:CMN_MLME] cm_report_roam_rt_stats: Roam events stats is disabled
03-25 15:10:21.646     0     0 E KERNEL  : [1088459.728154][T21082] [schedu][0x1d32dbc74084][08:10:21.643042] qca6490: [21082:E:CMN_MLME] cm_report_roam_rt_stats: Roam events stats is disabled
03-25 15:10:33.954 10991 11145 E ActivityThread: Failed to find provider info for com.ss.android.ugc.trill.apm
03-25 15:11:00.044     0     0 E KERNEL  : [1088498.129707][ T1380] [ASH_Factory][light]Light Sensor read Calibration open (/vendor/factory/lsensor.nv) fail
03-25 15:11:00.044     0     0 E KERNEL  : [1088498.129722][ T1380] [ASH_Factory][light]Light Sensor read 50MS Calibration open (/vendor/factory/lsensor_50ms.nv) fail
03-25 15:11:00.236     0     0 E KERNEL  : [1088498.315588][T25736] [BAT][CHG][ERR][BAT][CHG]update_battery_safe +++
03-25 15:11:00.236     0     0 E KERNEL  : [1088498.318754][T25736] [BAT][CHG][ERR][BAT][CHG]update_battery_safe temp=369, capacity=100, cycle_count=919
03-25 15:11:00.236     0     0 E KERNEL  : [1088498.318773][T25736] BATTERY_CHG: calculation_time_fun: calculation_time_fun +++
03-25 15:11:00.236     0     0 E KERNEL  : [1088498.318783][T25736] BATTERY_CHG: calculation_time_fun: calculation_time_fun +++
03-25 15:11:00.236     0     0 E KERNEL  : [1088498.318789][T25736] BATTERY_CHG: calculation_time_fun: calculation_time_fun +++
03-25 15:11:00.236     0     0 E KERNEL  : [1088498.318798][T25736] [BAT][CHG][ERR][BAT][CHG]backup_bat_percentage bat_percent=0; reload_condition=2
03-25 15:11:00.236     0     0 E KERNEL  : [1088498.319903][T19283] BATTERY_CHG: handle_notification: [adsp] evtlog= [ADSP][CHG] GET FROM KERENL TO ADSP [ADSP], data_scale_hi=100,rspMsg.bat_scale==100
03-25 15:11:00.236     0     0 E KERNEL  : [1088498.319903][T19283]
03-25 15:11:00.236     0     0 E KERNEL  : [1088498.319920][T19283] [BAT][CHG][ERR]GET FROM KERENL TO ADSP [KERNEL], adsp_bat_scale = 100
03-25 15:11:00.236     0     0 E KERNEL  : [1088498.319970][T25736] [BAT][CHG][ERR][BAT][CHG]backup_bat_safety backup_bat_scale=100
03-25 15:11:00.236     0     0 E KERNEL  : [1088498.320018][T25736] [BAT][CHG][ERR][BAT][CHG]set_full_charging_voltage, fg_condition_change : 0
03-25 15:11:00.291     0     0 E KERNEL  : [1088498.376785][T27254] [BAT][CHG][ERR]fg_soc_remap_scale_show, adsp_bat_scale_1 = 100
03-25 15:11:05.426     0     0 E KERNEL  : [1088503.511134][T21082] [schedu][0x1d330de24b1f][08:11:05.426010] qca6490: [21082:E:CMN_MLME] cm_report_roam_rt_stats: Roam events stats is disabled
03-25 15:11:05.790     0     0 E KERNEL  : [1088503.872964][T21082] [schedu][0x1d330e4c4ce9][08:11:05.787848] qca6490: [21082:E:CMN_MLME] cm_report_roam_rt_stats: Roam events stats is disabled
03-25 15:11:05.790     0     0 E KERNEL  : [1088503.873257][T21082] [schedu][0x1d330e4c63bd][08:11:05.788152] qca6490: [21082:E:CMN_MLME] cm_report_roam_rt_stats: Roam events stats is disabled
03-25 15:11:09.375     0     0 E KERNEL  : [1088507.458464][T21082] [schedu][0x1d331266bd81][08:11:09.373349] qca6490: [21082:E:CMN_MLME] cm_report_roam_rt_stats: Roam events stats is disabled
03-25 15:12:00.059     0     0 E KERNEL  : [1088558.140312][ T1380] [ASH_Factory][light]Light Sensor read Calibration open (/vendor/factory/lsensor.nv) fail
03-25 15:12:00.059     0     0 E KERNEL  : [1088558.140323][ T1380] [ASH_Factory][light]Light Sensor read 50MS Calibration open (/vendor/factory/lsensor_50ms.nv) fail
03-25 15:12:00.150     0     0 E KERNEL  : [1088558.235299][  T263] init: Unable to set property 'vendor.light.status' from uid:1000 gid:1000 pid:1380: SELinux permission check failed
03-25 15:12:01.675     0     0 E KERNEL  : [1088559.755814][T25736] [BAT][CHG][ERR][BAT][CHG]update_battery_safe +++
03-25 15:12:01.675     0     0 E KERNEL  : [1088559.759683][T25736] [BAT][CHG][ERR][BAT][CHG]update_battery_safe temp=369, capacity=100, cycle_count=919
03-25 15:12:01.675     0     0 E KERNEL  : [1088559.759708][T25736] BATTERY_CHG: calculation_time_fun: calculation_time_fun +++
03-25 15:12:01.675     0     0 E KERNEL  : [1088559.759725][T25736] BATTERY_CHG: calculation_time_fun: calculation_time_fun +++
03-25 15:12:01.675     0     0 E KERNEL  : [1088559.759737][T25736] BATTERY_CHG: calculation_time_fun: calculation_time_fun +++
03-25 15:12:01.675     0     0 E KERNEL  : [1088559.759751][T25736] [BAT][CHG][ERR][BAT][CHG]backup_bat_percentage bat_percent=0; reload_condition=2
03-25 15:12:01.679     0     0 E KERNEL  : [1088559.760693][T19283] BATTERY_CHG: handle_notification: [adsp] evtlog= [ADSP][CHG] GET FROM KERENL TO ADSP [ADSP], data_scale_hi=100,rspMsg.bat_scale==100
03-25 15:12:01.679     0     0 E KERNEL  : [1088559.760693][T19283]
03-25 15:12:01.679     0     0 E KERNEL  : [1088559.760714][T19283] [BAT][CHG][ERR]GET FROM KERENL TO ADSP [KERNEL], adsp_bat_scale = 100
03-25 15:12:01.679     0     0 E KERNEL  : [1088559.760764][T25736] [BAT][CHG][ERR][BAT][CHG]backup_bat_safety backup_bat_scale=100
03-25 15:12:01.679     0     0 E KERNEL  : [1088559.760803][T25736] [BAT][CHG][ERR][BAT][CHG]set_full_charging_voltage, fg_condition_change : 0
03-25 15:12:01.733     0     0 E KERNEL  : [1088559.815902][T28024] [BAT][CHG][ERR]fg_soc_remap_scale_show, adsp_bat_scale_1 = 100
03-25 15:12:21.666     0     0 E KERNEL  : [1088579.748655][T28159] audit: rate limit exceeded
03-25 15:12:22.730  2463  6340 E ActivityTaskManager: Abort background activity starts from 10363
03-25 15:12:22.736  2463  6340 E ActivityTaskManager: Abort background activity starts from 10363
03-25 15:12:23.210     0     0 E KERNEL  : [1088581.294322][ T9480] BATTERY_CHG: handle_notification: [adsp] evtlog= fg_stub check : data_scale_hi = 100.000000, record data_scale_hi = 0
03-25 15:12:23.210     0     0 E KERNEL  : [1088581.294342][ T9480] BATTERY_CHG: handle_notification: [adsp] evtlog= data1 >95 && cable connected, data_scale_hi_origin =95.000000,data_scale_hi = 100.000000
03-25 15:12:23.530     0     0 E KERNEL  : [1088581.611851][T18061] BATTERY_CHG: handle_notification: [adsp] evtlog= [FG] fg_stub_get_AltManufacturerAccess_data: FG 0x4280: 0x11d74280
03-25 15:12:23.634     0     0 E KERNEL  : [1088581.716507][ T9480] BATTERY_CHG: handle_notification: [adsp] evtlog= [FG] fg_stub_get_AltManufacturerAccess_data: FG 0x4282: 0x11cb4282
03-25 15:12:23.766     0     0 E KERNEL  : [1088581.849404][T18061] BATTERY_CHG: handle_notification: [adsp] evtlog= [FG][BAT] SOC=100, RSOC=100, FCC=4234, RM=4234, d_cap=5600, t=3091, v=8545, c=0
03-25 15:12:23.766     0     0 E KERNEL  : [1088581.849525][T18061] BATTERY_CHG: handle_notification: [adsp] evtlog= [FG][BAT] TRM=4242, TFCC=4234, Vcell1=4272, Vcell2=4273, chg_st=4, gau_st=0xd184a, op_st=0x386, saf_st=0x0
03-25 15:12:23.771     0     0 E KERNEL  : [1088581.852981][T18061] BATTERY_CHG: handle_notification: [adsp] evtlog= 18W_Workaround. chg_type=14, VBUS=5035000 uV, ICL_Result : 40
03-25 15:12:23.771     0     0 E KERNEL  : [1088581.853128][T18061] BATTERY_CHG: handle_notification: [adsp] evtlog= [ADSP][CHG]BattMngrTech_ASUS_Jeita_Rule. temp : 361, voltage : 8545 mV, vfloat : 8720 mV, bat_safe_con=4
03-25 15:12:23.771     0     0 E KERNEL  : [1088581.853152][T18061] BATTERY_CHG: handle_notification: [adsp] evtlog= [ADSP][CHG]BattMngrTech_ASUS_Jeita_Rule++, FV_mV=8720, bat_safe_fw_update_condition=4
03-25 15:12:23.771     0     0 E KERNEL  : [1088581.853257][ T9480] BATTERY_CHG: handle_notification: [adsp] evtlog= [ADSP][CHG]BattMngrTech_ASUS_Jeita_Update. old_FV : 8720 mV, new_FV : 8720 mV, FCC : 4200 mA
03-25 15:12:23.771     0     0 E KERNEL  : [1088581.853279][ T9480] BATTERY_CHG: handle_notification: [adsp] evtlog= [BAT][CHG]BattMngrTech_Update_Charging_Pause_Result. charging_paused=0, pre_pause_status=0
03-25 15:12:23.771     0     0 E KERNEL  : [1088581.853536][ T9480] BATTERY_CHG: handle_notification: [adsp] evtlog= [ICM][NCP][STBY] ncp_stby_db - chgr_type=14, chgr_stat=7, soc=100, discnt=0
03-25 15:12:27.735  2463  2713 E BLASTSyncEngine: WM sent Transaction to organized, but never received commit callback. Application ANR likely to follow.
03-25 15:12:27.738  2463  2713 E BLASTSyncEngine: WM sent Transaction to organized, but never received commit callback. Application ANR likely to follow.
03-25 15:13:00.062     0     0 E KERNEL  : [1088618.143678][ T1380] [ASH_Factory][light]Light Sensor read Calibration open (/vendor/factory/lsensor.nv) fail
03-25 15:13:00.062     0     0 E KERNEL  : [1088618.143690][ T1380] [ASH_Factory][light]Light Sensor read 50MS Calibration open (/vendor/factory/lsensor_50ms.nv) fail
03-25 15:13:00.148     0     0 E KERNEL  : [1088618.233004][  T263] init: Unable to set property 'vendor.light.status' from uid:1000 gid:1000 pid:1380: SELinux permission check failed
03-25 15:13:03.115     0     0 E KERNEL  : [1088621.195868][T25736] [BAT][CHG][ERR][BAT][CHG]update_battery_safe +++
03-25 15:13:03.115     0     0 E KERNEL  : [1088621.199863][T25736] [BAT][CHG][ERR][BAT][CHG]update_battery_safe temp=360, capacity=100, cycle_count=919
03-25 15:13:03.115     0     0 E KERNEL  : [1088621.199888][T25736] BATTERY_CHG: calculation_time_fun: calculation_time_fun +++
03-25 15:13:03.115     0     0 E KERNEL  : [1088621.199905][T25736] BATTERY_CHG: calculation_time_fun: calculation_time_fun +++
03-25 15:13:03.115     0     0 E KERNEL  : [1088621.199915][T25736] BATTERY_CHG: calculation_time_fun: calculation_time_fun +++
03-25 15:13:03.115     0     0 E KERNEL  : [1088621.199929][T25736] [BAT][CHG][ERR][BAT][CHG]backup_bat_percentage bat_percent=0; reload_condition=2
03-25 15:13:03.119     0     0 E KERNEL  : [1088621.201274][ T9480] BATTERY_CHG: handle_notification: [adsp] evtlog= [ADSP][CHG] GET FROM KERENL TO ADSP [ADSP], data_scale_hi=100,rspMsg.bat_scale==100
03-25 15:13:03.119     0     0 E KERNEL  : [1088621.201274][ T9480]
03-25 15:13:03.119     0     0 E KERNEL  : [1088621.201296][ T9480] [BAT][CHG][ERR]GET FROM KERENL TO ADSP [KERNEL], adsp_bat_scale = 100
03-25 15:13:03.119     0     0 E KERNEL  : [1088621.201590][T25736] [BAT][CHG][ERR][BAT][CHG]backup_bat_safety backup_bat_scale=100
03-25 15:13:03.119     0     0 E KERNEL  : [1088621.201790][T25736] [BAT][CHG][ERR][BAT][CHG]set_full_charging_voltage, fg_condition_change : 0
03-25 15:13:03.190     0     0 E KERNEL  : [1088621.273544][T28412] [BAT][CHG][ERR]fg_soc_remap_scale_show, adsp_bat_scale_1 = 100
03-25 15:14:00.051     0     0 E KERNEL  : [1088678.133686][ T1380] [ASH_Factory][light]Light Sensor read Calibration open (/vendor/factory/lsensor.nv) fail
03-25 15:14:00.051     0     0 E KERNEL  : [1088678.133697][ T1380] [ASH_Factory][light]Light Sensor read 50MS Calibration open (/vendor/factory/lsensor_50ms.nv) fail
03-25 15:14:00.143     0     0 E KERNEL  : [1088678.224066][  T263] init: Unable to set property 'vendor.light.status' from uid:1000 gid:1000 pid:1380: SELinux permission check failed
03-25 15:14:03.302     0     0 E KERNEL  : [1088681.385385][T30283] BATTERY_CHG: set_virtualthermal_store:  mask= 0x0
03-25 15:14:03.302     0     0 E KERNEL  : [1088681.385683][T28356] BATTERY_CHG: handle_notification: [adsp] evtlog= [ADSP][CHG]Check_Voter_Release.  panelONOFF_mode : 0 , virtual_therm_level : 0
03-25 15:14:03.322     0     0 E KERNEL  : [1088681.405223][ T9480] BATTERY_CHG: handle_notification: [adsp] evtlog= fg_stub check : data_scale_hi = 100.000000, record data_scale_hi = 0
03-25 15:14:03.322     0     0 E KERNEL  : [1088681.405242][ T9480] BATTERY_CHG: handle_notification: [adsp] evtlog= data1 >95 && cable connected, data_scale_hi_origin =95.000000,data_scale_hi = 100.000000
03-25 15:14:03.638     0     0 E KERNEL  : [1088681.721017][T18061] BATTERY_CHG: handle_notification: [adsp] evtlog= [FG] fg_stub_get_AltManufacturerAccess_data: FG 0x4280: 0x11d74280
03-25 15:14:03.742     0     0 E KERNEL  : [1088681.825726][T18061] BATTERY_CHG: handle_notification: [adsp] evtlog= [FG] fg_stub_get_AltManufacturerAccess_data: FG 0x4282: 0x11cb4282
03-25 15:14:03.874     0     0 E KERNEL  : [1088681.958105][T18061] BATTERY_CHG: handle_notification: [adsp] evtlog= [FG][BAT] SOC=100, RSOC=100, FCC=4234, RM=4234, d_cap=5600, t=3087, v=8545, c=0
03-25 15:14:03.874     0     0 E KERNEL  : [1088681.958134][T18061] BATTERY_CHG: handle_notification: [adsp] evtlog= [FG][BAT] TRM=4242, TFCC=4234, Vcell1=4272, Vcell2=4273, chg_st=4, gau_st=0xd184a, op_st=0x386, saf_st=0x0
03-25 15:14:03.877     0     0 E KERNEL  : [1088681.961338][T18061] BATTERY_CHG: handle_notification: [adsp] evtlog= 18W_Workaround. chg_type=14, VBUS=4954000 uV, ICL_Result : 40
03-25 15:14:03.877     0     0 E KERNEL  : [1088681.961353][T18061] BATTERY_CHG: handle_notification: [adsp] evtlog= [ADSP][CHG]BattMngrTech_ASUS_Jeita_Rule. temp : 357, voltage : 8545 mV, vfloat : 8720 mV, bat_safe_con=4
03-25 15:14:03.877     0     0 E KERNEL  : [1088681.961361][T18061] BATTERY_CHG: handle_notification: [adsp] evtlog= [ADSP][CHG]BattMngrTech_ASUS_Jeita_Rule++, FV_mV=8720, bat_safe_fw_update_condition=4
03-25 15:14:03.877     0     0 E KERNEL  : [1088681.961368][T18061] BATTERY_CHG: handle_notification: [adsp] evtlog= [ADSP][CHG]BattMngrTech_ASUS_Jeita_Update. old_FV : 8720 mV, new_FV : 8720 mV, FCC : 4200 mA
03-25 15:14:03.877     0     0 E KERNEL  : [1088681.961375][T18061] BATTERY_CHG: handle_notification: [adsp] evtlog= [BAT][CHG]BattMngrTech_Update_Charging_Pause_Result. charging_paused=0, pre_pause_status=0
03-25 15:14:03.877     0     0 E KERNEL  : [1088681.961609][ T9480] BATTERY_CHG: handle_notification: [adsp] evtlog= [ICM][NCP][STBY] ncp_stby_db - chgr_type=14, chgr_stat=7, soc=100, discnt=0
03-25 15:14:04.554     0     0 E KERNEL  : [1088682.635595][T25736] [BAT][CHG][ERR][BAT][CHG]update_battery_safe +++
03-25 15:14:04.554     0     0 E KERNEL  : [1088682.639015][T25736] [BAT][CHG][ERR][BAT][CHG]update_battery_safe temp=356, capacity=100, cycle_count=919
03-25 15:14:04.554     0     0 E KERNEL  : [1088682.639040][T25736] BATTERY_CHG: calculation_time_fun: calculation_time_fun +++
03-25 15:14:04.554     0     0 E KERNEL  : [1088682.639059][T25736] BATTERY_CHG: calculation_time_fun: calculation_time_fun +++
03-25 15:14:04.554     0     0 E KERNEL  : [1088682.639070][T25736] BATTERY_CHG: calculation_time_fun: calculation_time_fun +++
03-25 15:14:04.555     0     0 E KERNEL  : [1088682.639085][T25736] [BAT][CHG][ERR][BAT][CHG]backup_bat_percentage bat_percent=0; reload_condition=2
03-25 15:14:04.555     0     0 E KERNEL  : [1088682.640135][T18061] BATTERY_CHG: handle_notification: [adsp] evtlog= [ADSP][CHG] GET FROM KERENL TO ADSP [ADSP], data_scale_hi=100,rspMsg.bat_scale==100
03-25 15:14:04.555     0     0 E KERNEL  : [1088682.640135][T18061]
03-25 15:14:04.555     0     0 E KERNEL  : [1088682.640169][T18061] [BAT][CHG][ERR]GET FROM KERENL TO ADSP [KERNEL], adsp_bat_scale = 100
03-25 15:14:04.560     0     0 E KERNEL  : [1088682.640651][T25736] [BAT][CHG][ERR][BAT][CHG]backup_bat_safety backup_bat_scale=100
03-25 15:14:04.560     0     0 E KERNEL  : [1088682.640754][T25736] [BAT][CHG][ERR][BAT][CHG]set_full_charging_voltage, fg_condition_change : 0
03-25 15:14:04.613     0     0 E KERNEL  : [1088682.698811][T28906] [BAT][CHG][ERR]fg_soc_remap_scale_show, adsp_bat_scale_1 = 100
03-25 15:14:17.585  2463  2463 E ActivityManager: Cancel pending or running compactions as system is awake
03-25 15:14:17.631     0     0 E KERNEL  : [1088695.712900][T24143] i2c_geni a84000.i2c: i2c error :-107
03-25 15:14:17.635     0     0 E KERNEL  : [1088695.712914][T24143] nfc_dev_write: i2c_master_send returned -107
03-25 15:14:17.669     0     0 E KERNEL  : [1088695.751809][ T4159] [Display][msm-dsi:hbm_mode_read] hbm mode is 0
03-25 15:14:17.669     0     0 E KERNEL  : [1088695.751843][ T4159] [Display][msm-dsi:hbm_mode_read] hbm mode is 0
03-25 15:14:17.679     0     0 E KERNEL  : [1088695.761344][ T4466] [Display][msm-dsi:dsi_panel_update_backlight] [from] set bl=0
03-25 15:14:17.679     0     0 E KERNEL  : [1088695.761356][ T4466] [Display][msm-dsi:dsi_panel_update_backlight] [to] set bl=0
03-25 15:14:17.774     0     0 E KERNEL  : [1088695.857028][  T889] [BAT][CHG][ERR]Display on++
03-25 15:14:17.774     0     0 E KERNEL  : [1088695.857127][  T889] [Display][msm-dsi:dsi_display_set_power] exit AOD, enter NOLP
03-25 15:14:17.774     0     0 E KERNEL  : [1088695.857275][  T889] [drm:dsi_pwr_panel_regulator_mode_set [msm_drm]] *ERROR* [msm-dsi-error]: Regulator ibb was not found
03-25 15:14:17.794     0     0 E KERNEL  : [1088695.876950][T18061] BATTERY_CHG: handle_notification: [adsp] evtlog= fg_stub check : data_scale_hi = 100.000000, record data_scale_hi = 0
03-25 15:14:17.794     0     0 E KERNEL  : [1088695.876970][T18061] BATTERY_CHG: handle_notification: [adsp] evtlog= data1 >95 && cable connected, data_scale_hi_origin =95.000000,data_scale_hi = 100.000000
03-25 15:14:17.815     0     0 E KERNEL  : [1088695.899949][  T889] [Display][msm-dsi:dsi_display_set_power] enter NOLP succeed (rc=0)
03-25 15:14:17.833     0     0 E KERNEL  : [1088695.916813][  T889] [BAT][CHG][ERR]Display on++
03-25 15:14:17.846     0     0 E KERNEL  : [1088695.923125][ T1579] [Display][msm-dsi:ai2201_crtc_fod_masker_spot] FOD:OFF->ON
03-25 15:14:17.846     0     0 E KERNEL  : [1088695.930821][  T889] [Display][msm-dsi:ai2201_crtc_display_commit] FOD HBM setting +++
03-25 15:14:17.851     0     0 E KERNEL  : [1088695.935186][  T889] [Display][msm-dsi:display_set_fod_hbm] FOD: global hbm <fod> (1) +++
03-25 15:14:17.851     0     0 E KERNEL  : [1088695.935205][  T889] [Display][msm-dsi:display_exit_idle_mode] power_mode/aod_state are (0, 0)
03-25 15:14:17.851     0     0 E KERNEL  : [1088695.935211][  T889] [Display][msm-dsi:dsi_ai2201_set_fod_hbm] set display on directly
03-25 15:14:17.851     0     0 E KERNEL  : [1088695.935972][  T889] [Display] update variable type 0 from 0 to 1
03-25 15:14:17.851     0     0 E KERNEL  : [1088695.935987][  T889] [Display][msm-dsi:display_set_fod_hbm] FOD: global hbm <fod> (1) ---
03-25 15:14:17.851     0     0 E KERNEL  : [1088695.935993][  T889] [Display] update variable type 1 from 0 to 1
03-25 15:14:17.851     0     0 E KERNEL  : [1088695.935999][  T889] [Display][msm-dsi:ai2201_crtc_display_commit] panel_fod_hbm_mode set to 1
03-25 15:14:17.851     0     0 E KERNEL  : [1088695.936002][  T889] [Display][msm-dsi:ai2201_crtc_display_commit] FOD HBM setting ---
03-25 15:14:17.867     0     0 E KERNEL  : [1088695.948720][ T1688] [Display][msm-dsi:dsi_panel_update_backlight] [from] set bl=484
03-25 15:14:17.955     0     0 E KERNEL  : [1088696.039384][ T3270] [soft_i][0x1d33ea370f3c][08:14:17.954278] qca6490: [0:E:HDD] __hdd_set_multicast_list: mlist[0] = 01:00:5e:00:00:01
03-25 15:14:17.955     0     0 E KERNEL  : [1088696.039396][ T3270] [soft_i][0x1d33ea371068][08:14:17.954294] qca6490: [0:E:HDD] __hdd_set_multicast_list: mlist[1] = 33:33:00:00:00:01
03-25 15:14:17.955     0     0 E KERNEL  : [1088696.039401][ T3270] [soft_i][0x1d33ea3710c2][08:14:17.954299] qca6490: [0:E:HDD] __hdd_set_multicast_list: mlist[2] = 33:33:ff:0e:9f:38
03-25 15:14:17.955     0     0 E KERNEL  : [1088696.039468][ T3270] [soft_i][0x1d33ea3715a5][08:14:17.954366] qca6490: [0:E:HDD] __hdd_set_multicast_list: mlist[3] = 33:33:ff:d9:12:1d
03-25 15:14:17.955     0     0 E KERNEL  : [1088696.039473][ T3270] [soft_i][0x1d33ea371627][08:14:17.954371] qca6490: [0:E:HDD] __hdd_set_multicast_list: mlist[4] = 33:33:ff:fe:40:a0
03-25 15:14:17.955     0     0 E KERNEL  : [1088696.039477][ T3270] [soft_i][0x1d33ea37167c][08:14:17.954375] qca6490: [0:E:HDD] __hdd_set_multicast_list: mlist[5] = 01:00:5e:00:00:fb
03-25 15:14:17.955     0     0 E KERNEL  : [1088696.039880][ T3270] [soft_i][0x1d33ea373490][08:14:17.954776] qca6490: [0:E:HDD] __hdd_set_multicast_list: mlist[0] = 01:00:5e:00:00:01
03-25 15:14:17.955     0     0 E KERNEL  : [1088696.039889][ T3270] [soft_i][0x1d33ea373547][08:14:17.954786] qca6490: [0:E:HDD] __hdd_set_multicast_list: mlist[1] = 33:33:00:00:00:01
03-25 15:14:17.955     0     0 E KERNEL  : [1088696.039897][ T3270] [soft_i][0x1d33ea3735d6][08:14:17.954793] qca6490: [0:E:HDD] __hdd_set_multicast_list: mlist[2] = 33:33:ff:0e:9f:38
03-25 15:14:17.955     0     0 E KERNEL  : [1088696.039912][ T3270] [soft_i][0x1d33ea373667][08:14:17.954801] qca6490: [0:E:HDD] __hdd_set_multicast_list: mlist[3] = 33:33:ff:d9:12:1d
03-25 15:14:17.955     0     0 E KERNEL  : [1088696.039920][ T3270] [soft_i][0x1d33ea373798][08:14:17.954817] qca6490: [0:E:HDD] __hdd_set_multicast_list: mlist[4] = 33:33:ff:fe:40:a0
03-25 15:14:17.955     0     0 E KERNEL  : [1088696.039927][ T3270] [soft_i][0x1d33ea373822][08:14:17.954824] qca6490: [0:E:HDD] __hdd_set_multicast_list: mlist[5] = 01:00:5e:00:00:fb
03-25 15:14:17.955     0     0 E KERNEL  : [1088696.039932][ T3270] [soft_i][0x1d33ea373892][08:14:17.954830] qca6490: [0:E:HDD] __hdd_set_multicast_list: mlist[6] = 33:33:00:00:00:fb
03-25 15:14:18.061     0     0 E KERNEL  : [1088696.145250][ T4159] [Display][msm-dsi:hbm_mode_read] hbm mode is 0
03-25 15:14:18.061     0     0 E KERNEL  : [1088696.145300][ T4159] [Display][msm-dsi:hbm_mode_read] hbm mode is 0
03-25 15:14:18.076     0     0 E KERNEL  : [1088696.160710][    C0] i2c_geni 990000.i2c: GSI QN err:0x0, status:0x4e3, err:2
03-25 15:14:18.076     0     0 E KERNEL  : [1088696.160733][    C0] i2c_geni 990000.i2c: GSI QN err:0x0, status:0x4e3, err:2
03-25 15:14:18.076     0     0 E KERNEL  : [1088696.161041][ T1364] [FTS_TS/E]fts_read:i2c_transfer(read) fail,ret:-107
03-25 15:14:18.084     0     0 E KERNEL  : [1088696.167647][    C0] i2c_geni 990000.i2c: GSI QN err:0x0, status:0x4e3, err:2
03-25 15:14:18.084     0     0 E KERNEL  : [1088696.167673][    C0] i2c_geni 990000.i2c: GSI QN err:0x0, status:0x4e3, err:2
03-25 15:14:18.084     0     0 E KERNEL  : [1088696.167945][ T1364] [FTS_TS/E]fts_read:i2c_transfer(read) fail,ret:-107
03-25 15:14:18.094     0     0 E KERNEL  : [1088696.177367][ T1364] [FTS_TS/E]fts_read_parse_touchdata:abnormal touch data from fw
03-25 15:14:18.110     0     0 E KERNEL  : [1088696.192858][T28356] BATTERY_CHG: handle_notification: [adsp] evtlog= [FG] fg_stub_get_AltManufacturerAccess_data: FG 0x4280: 0x11d74280
03-25 15:14:18.118  1309  1572 E NetlinkEvent: NetlinkEvent::FindParam(): Parameter 'INTERFACE' not found
03-25 15:14:18.118  1309  1572 E NetlinkEvent: NetlinkEvent::FindParam(): Parameter 'STATE' not found
03-25 15:14:18.118  1309  1572 E NetlinkEvent: NetlinkEvent::FindParam(): Parameter 'TIME_NS' not found
03-25 15:14:18.118  1309  1572 E NetlinkEvent: NetlinkEvent::FindParam(): Parameter 'UID' not found
03-25 15:14:18.213     0     0 E KERNEL  : [1088696.297122][T19283] BATTERY_CHG: handle_notification: [adsp] evtlog= [FG] fg_stub_get_AltManufacturerAccess_data: FG 0x4282: 0x11cb4282
03-25 15:14:18.346     0     0 E KERNEL  : [1088696.427900][T18061] BATTERY_CHG: handle_notification: [adsp] evtlog= [FG][BAT] SOC=100, RSOC=100, FCC=4234, RM=4234, d_cap=5600, t=3087, v=8545, c=0
03-25 15:14:18.346     0     0 E KERNEL  : [1088696.427919][T18061] BATTERY_CHG: handle_notification: [adsp] evtlog= [FG][BAT] TRM=4242, TFCC=4234, Vcell1=4272, Vcell2=4273, chg_st=4, gau_st=0xd184a, op_st=0x386, saf_st=0x0
03-25 15:14:18.346     0     0 E KERNEL  : [1088696.431865][ T9480] BATTERY_CHG: handle_notification: [adsp] evtlog= 18W_Workaround. chg_type=14, VBUS=4717000 uV, ICL_Result : 40
03-25 15:14:18.354     0     0 E KERNEL  : [1088696.434907][T19283] BATTERY_CHG: handle_notification: [adsp] evtlog= [ADSP][CHG]BattMngrTech_ASUS_Jeita_Rule. temp : 357, voltage : 8545 mV, vfloat : 8720 mV, bat_safe_con=4
03-25 15:14:18.354     0     0 E KERNEL  : [1088696.434928][T19283] BATTERY_CHG: handle_notification: [adsp] evtlog= [ADSP][CHG]BattMngrTech_ASUS_Jeita_Rule++, FV_mV=8720, bat_safe_fw_update_condition=4
03-25 15:14:18.355     0     0 E KERNEL  : [1088696.434936][T19283] BATTERY_CHG: handle_notification: [adsp] evtlog= [ADSP][CHG]BattMngrTech_ASUS_Jeita_Update. old_FV : 8720 mV, new_FV : 8720 mV, FCC : 4200 mA
03-25 15:14:18.355     0     0 E KERNEL  : [1088696.435007][T19283] BATTERY_CHG: handle_notification: [adsp] evtlog= [BAT][CHG]BattMngrTech_Update_Charging_Pause_Result. charging_paused=0, pre_pause_status=0
03-25 15:14:18.355     0     0 E KERNEL  : [1088696.435045][T19283] BATTERY_CHG: handle_notification: [adsp] evtlog= [ICM][NCP][STBY] ncp_stby_db - chgr_type=14, chgr_stat=7, soc=100, discnt=0
03-25 15:14:18.469     0     0 E KERNEL  : [1088696.553947][ T1579] [Display][msm-dsi:ai2201_crtc_fod_masker_spot] FOD SPOT:OFF->ON
03-25 15:14:18.470     0     0 E KERNEL  : [1088696.554112][  T889] [Display][msm-dsi:ai2201_atomic_get_spot_status] commit FOD spot to panel +++
03-25 15:14:18.473     0     0 E KERNEL  : [1088696.557049][  T889] [Display][msm-dsi:ai2201_atomic_set_spot_status] commit FOD spot to panel (6060) ---
03-25 15:14:18.473     0     0 E KERNEL  : [1088696.557058][  T889] [Display][msm-dsi:dsi_ai2201_set_notify_spot_ready] tooks 621090 (us) ---
03-25 15:14:18.473     0     0 E KERNEL  : [1088696.557060][  T889] [Display] update variable type 2 from 0 to 1
03-25 15:14:18.554     0     0 E KERNEL  : [1088696.637893][T21082] [schedu][0x1d33eae66754][08:14:18.552786] qca6490: [21082:E:CMN_MLME] cm_report_roam_rt_stats: Roam events stats is disabled
03-25 15:14:18.741     0     0 E KERNEL  : [1088696.825218][ T1380] [ASH_Factory][light]Light Sensor read Calibration open (/vendor/factory/lsensor.nv) fail
03-25 15:14:18.741     0     0 E KERNEL  : [1088696.825230][ T1380] [ASH_Factory][light]Light Sensor read 50MS Calibration open (/vendor/factory/lsensor_50ms.nv) fail
03-25 15:14:18.780     0     0 E KERNEL  : [1088696.863877][ T1579] [Display][msm-dsi:ai2201_crtc_fod_masker_spot] FOD:ON->OFF
03-25 15:14:18.780     0     0 E KERNEL  : [1088696.864429][  T889] [Display][msm-dsi:ai2201_crtc_display_commit] FOD HBM setting +++
03-25 15:14:18.780     0     0 E KERNEL  : [1088696.864880][  T889] [Display][msm-dsi:display_set_fod_hbm] FOD: global hbm <fod> (0) +++
03-25 15:14:18.780     0     0 E KERNEL  : [1088696.864891][  T889] [Display][msm-dsi:dsi_ai2201_restore_backlight] restore bl=484
03-25 15:14:18.780     0     0 E KERNEL  : [1088696.864899][  T889] [Display][msm-dsi:dsi_panel_update_backlight] [from] set bl=484
03-25 15:14:18.780     0     0 E KERNEL  : [1088696.864906][  T889] [Display][msm-dsi:dsi_panel_update_backlight] [to] set bl=484
03-25 15:14:18.781     0     0 E KERNEL  : [1088696.866040][  T889] [Display] update variable type 0 from 1 to 0
03-25 15:14:18.781     0     0 E KERNEL  : [1088696.866069][  T889] [Display][msm-dsi:display_set_fod_hbm] FOD: global hbm <fod> (0) ---
03-25 15:14:18.781     0     0 E KERNEL  : [1088696.866076][  T889] [Display][msm-dsi:display_set_fod_hbm] global hbm off, reset hbm mode 0
03-25 15:14:18.781     0     0 E KERNEL  : [1088696.866079][  T889] [Display] update variable type 1 from 1 to 0
03-25 15:14:18.781     0     0 E KERNEL  : [1088696.866088][  T889] [Display][msm-dsi:ai2201_crtc_display_commit] panel_fod_hbm_mode set to 0
03-25 15:14:18.781     0     0 E KERNEL  : [1088696.866091][  T889] [Display][msm-dsi:ai2201_crtc_display_commit] FOD HBM setting ---
03-25 15:14:18.793     0     0 E KERNEL  : [1088696.869816][ T1579] [Display][msm-dsi:ai2201_crtc_fod_masker_spot] FOD SPOT:ON->OFF
03-25 15:14:18.793     0     0 E KERNEL  : [1088696.877065][  T889] [Display] update variable type 2 from 1 to 0
03-25 15:14:18.793     0     0 E KERNEL  : [1088696.877080][  T889] [Display][msm-dsi:ai2201_atomic_set_spot_status] removed fod spot
03-25 15:14:18.806     0     0 E KERNEL  : [1088696.891383][T21082] [schedu][0x1d33eb30ab5e][08:14:18.806280] qca6490: [21082:E:CMN_MLME] cm_report_roam_rt_stats: Roam events stats is disabled
03-25 15:14:18.826     0     0 E KERNEL  : [1088696.910632][  T263] init: Unable to set property 'vendor.light.status' from uid:1000 gid:1000 pid:1380: SELinux permission check failed
03-25 15:14:18.827 10991 10991 E ActivityThread: Failed to find provider info for com.ss.android.ugc.trill.apm
03-25 15:14:18.844     0     0 E KERNEL  : [1088696.927546][ T1380] [ASH_Factory][light]Light Sensor read Calibration open (/vendor/factory/lsensor.nv) fail
03-25 15:14:18.844     0     0 E KERNEL  : [1088696.927560][ T1380] [ASH_Factory][light]Light Sensor read 50MS Calibration open (/vendor/factory/lsensor_50ms.nv) fail
03-25 15:14:18.879     0     0 E KERNEL  : [1088696.964409][  T889] [Display][msm-dsi:dsi_display_set_mode] resolution=2448*1080, fps=120
03-25 15:14:18.879     0     0 E KERNEL  : [1088696.964414][  T889] [Display][msm-dsi:dsi_bridge_pre_enable] display on +++
03-25 15:14:18.885     0     0 E KERNEL  : [1088696.969558][  T889] [Display][msm-dsi:dsi_bridge_pre_enable] display on ---
03-25 15:14:18.918     0     0 E KERNEL  : [1088697.002339][ T4159] [Display][msm-dsi:hbm_mode_read] hbm mode is 0
03-25 15:14:18.918     0     0 E KERNEL  : [1088697.002383][ T4159] [Display][msm-dsi:hbm_mode_read] hbm mode is 0
03-25 15:14:19.016     0     0 E KERNEL  : [1088697.096900][T24143] i2c_geni a84000.i2c: i2c error :-107
03-25 15:14:19.016     0     0 E KERNEL  : [1088697.096914][T24143] nfc_dev_write: i2c_master_send returned -107
03-25 15:14:19.638     0     0 E KERNEL  : [1088697.722054][ T4001] audit: rate limit exceeded
03-25 15:14:20.968  2463  4253 E Transition: Trying to add a ready-group twice: Display{#0 state=ON size=1080x2448 ROTATION_0}
03-25 15:14:21.313     0     0 E KERNEL  : [1088699.398108][T19283] BATTERY_CHG: handle_notification: [adsp] evtlog= [ADSP][CHG]BattMngrTech_handle_charger_limit_event. mode : 0x100, value : 1
03-25 15:14:21.313     0     0 E KERNEL  : [1088699.398125][T19283] BATTERY_CHG: handle_notification: [adsp] evtlog= [ADSP]Audio request to set LCM mode. value : 1
03-25 15:14:21.313     0     0 E KERNEL  : [1088699.398160][T18061] BATTERY_CHG: handle_notification: [adsp] evtlog= [ADSP]battman_control_lcm_mode enable = 1
03-25 15:14:21.313     0     0 E KERNEL  : [1088699.398160][T18061]
03-25 15:14:21.319     0     0 E KERNEL  : [1088699.403452][T19283] BATTERY_CHG: handle_notification: [adsp] evtlog= [ADSP]Get 0x26C2[7] : 0x0
03-25 15:14:21.319     0     0 E KERNEL  : [1088699.403452][T19283]
03-25 15:14:21.322     0     0 E KERNEL  : [1088699.406609][T29279] audit: rate limit exceeded
03-25 15:14:21.325     0     0 E KERNEL  : [1088699.409321][  T719] SELinux: avc:  denied  { find } for pid=29279 uid=2000 name=android.service.gatekeeper.IGateKeeperService scontext=u:r:shell:s0 tcontext=u:object_r:gatekeeper_service:s0 tclass=service_manager permissive=0
03-25 15:14:21.343     0     0 E KERNEL  : [1088699.428601][T19283] BATTERY_CHG: handle_notification: [adsp] evtlog= [ADSP]Audio set enable : 1, 0x26C2 : 0x1e
03-25 15:14:21.343     0     0 E KERNEL  : [1088699.428601][T19283]
03-25 15:14:21.346     0     0 E KERNEL  : [1088699.431140][  T719] SELinux: avc:  denied  { find } for pid=29279 uid=2000 name=dnsresolver scontext=u:r:shell:s0 tcontext=u:object_r:dnsresolver_service:s0 tclass=service_manager permissive=0
03-25 15:14:21.358     0     0 E KERNEL  : [1088699.439742][  T719] SELinux: avc:  denied  { find } for pid=29279 uid=2000 name=incident scontext=u:r:shell:s0 tcontext=u:object_r:incident_service:s0 tclass=service_manager permissive=0
03-25 15:14:21.358     0     0 E KERNEL  : [1088699.442172][  T719] SELinux: avc:  denied  { find } for pid=29279 uid=2000 name=installd scontext=u:r:shell:s0 tcontext=u:object_r:installd_service:s0 tclass=service_manager permissive=0
03-25 15:14:21.374     0     0 E KERNEL  : [1088699.457316][  T719] SELinux: avc:  denied  { find } for pid=29279 uid=2000 name=netd scontext=u:r:shell:s0 tcontext=u:object_r:netd_service:s0 tclass=service_manager permissive=0
03-25 15:14:21.406     0     0 E KERNEL  : [1088699.491242][  T719] SELinux: avc:  denied  { find } for pid=29279 uid=2000 name=suspend_control scontext=u:r:shell:s0 tcontext=u:object_r:system_suspend_control_service:s0 tclass=service_manager permissive=0
03-25 15:14:21.409     0     0 E KERNEL  : [1088699.491705][  T719] SELinux: avc:  denied  { find } for pid=29279 uid=2000 name=suspend_control_internal scontext=u:r:shell:s0 tcontext=u:object_r:system_suspend_control_internal_service:s0 tclass=service_manager permissive=0
03-25 15:14:21.429     0     0 E KERNEL  : [1088699.511939][  T719] SELinux: avc:  denied  { find } for pid=29279 uid=2000 name=vold scontext=u:r:shell:s0 tcontext=u:object_r:vold_service:s0 tclass=service_manager permissive=0
03-25 15:14:21.445  2463  4253 E AppOps  : Operation not started: uid=10287 pkg=com.example.chat_app_frontend(null) op=RECORD_AUDIO
03-25 15:14:21.490     0     0 E KERNEL  : [1088699.574184][  T889] [Display][msm-dsi:dsi_display_set_mode] resolution=2448*1080, fps=165
03-25 15:14:21.490     0     0 E KERNEL  : [1088699.574190][  T889] [Display][msm-dsi:dsi_bridge_pre_enable] display on +++
03-25 15:14:21.494     0     0 E KERNEL  : [1088699.576384][  T889] [Display][msm-dsi:dsi_bridge_pre_enable] display on ---
03-25 15:14:21.513     0     0 E KERNEL  : [1088699.596422][ T4159] [Display][msm-dsi:hbm_mode_read] hbm mode is 0
03-25 15:14:21.519     0     0 E KERNEL  : [1088699.596471][ T4159] [Display][msm-dsi:hbm_mode_read] hbm mode is 0
03-25 15:14:21.556 10991 10991 E ActivityThread: Failed to find provider info for com.ss.android.ugc.trill.apm
03-25 15:14:22.346     0     0 E KERNEL  : [1088700.428740][T21082] [schedu][0x1d33ef3d004a][08:14:22.343626] qca6490: [21082:E:CMN_MLME] cm_report_roam_rt_stats: Roam events stats is disabled
03-25 15:14:22.696     0     0 E KERNEL  : [1088700.780629][T21082] [schedu][0x1d33efa4173f][08:14:22.695505] qca6490: [21082:E:CMN_MLME] cm_report_roam_rt_stats: Roam events stats is disabled
03-25 15:14:22.696     0     0 E KERNEL  : [1088700.781242][T21082] [schedu][0x1d33efa4461c][08:14:22.696130] qca6490: [21082:E:CMN_MLME] cm_report_roam_rt_stats: Roam events stats is disabled
03-25 15:14:23.642     0     0 E KERNEL  : [1088701.724843][ T7998] cs35l45 9-0030: cs35l45_dsp_power_ev: event = 0x4, current amp_power_status = 1
03-25 15:14:23.642     0     0 E KERNEL  : [1088701.726160][ T7998] cs35l45 9-0030: cs35l45_dsp_power_ev : Get CS35L45_AMP_PCM_CONTROL : 0x101000
03-25 15:14:23.650     0     0 E KERNEL  : [1088701.731856][ T7998] cs35l45 9-0030: cs35l45_dsp_power_ev 0x4 : Set CS35L45_AMP_PCM_CONTROL mute : 0x1014CF
03-25 15:14:23.650     0     0 E KERNEL  : [1088701.731867][ T7998] cs35l45 9-0030: cs35l45_dsp_power_ev 0x4 : Begin finish mute 230ms work
03-25 15:14:23.650     0     0 E KERNEL  : [1088701.731891][ T7998] cs35l45 9-0031: cs35l45_dsp_power_ev: event = 0x4, current amp_power_status = 1
03-25 15:14:23.650     0     0 E KERNEL  : [1088701.731904][ T7998] cs35l45 9-0031: cs35l45_dsp_power_ev : Get CS35L45_AMP_PCM_CONTROL : 0x101000
03-25 15:14:23.650     0     0 E KERNEL  : [1088701.732754][ T7998] cs35l45 9-0031: cs35l45_dsp_power_ev 0x4 : Set CS35L45_AMP_PCM_CONTROL mute : 0x1014CF
03-25 15:14:23.650     0     0 E KERNEL  : [1088701.732762][ T7998] cs35l45 9-0031: cs35l45_dsp_power_ev 0x4 : Begin finish mute 230ms work
03-25 15:14:23.882     0     0 E KERNEL  : [1088701.963567][ T9480] cs35l45 9-0030: cs35l45_pmu_finish_mute_delay_work : Finish pmu mute state (0x101000)
03-25 15:14:23.882     0     0 E KERNEL  : [1088701.963594][T18061] cs35l45 9-0031: cs35l45_pmu_finish_mute_delay_work : Finish pmu mute state (0x101000)
03-25 15:14:23.882     0     0 E KERNEL  : [1088701.963606][T18061] cs35l45 9-0031: cs35l45_pmu_finish_mute_delay_work : Set CS35L45_AMP_PCM_CONTROL : 0x101000
03-25 15:14:23.882     0     0 E KERNEL  : [1088701.963617][ T9480] cs35l45 9-0030: cs35l45_pmu_finish_mute_delay_work : Set CS35L45_AMP_PCM_CONTROL : 0x101000
03-25 15:14:24.654     0     0 E KERNEL  : [1088702.737047][T18061] cs35l45 9-0030: cs35l45_dsp_pmd_delay_work begin and reset PCM VOLUME back to default : 0x101000
03-25 15:14:24.658     0     0 E KERNEL  : [1088702.742765][T28356] cs35l45 9-0031: cs35l45_dsp_pmd_delay_work begin and reset PCM VOLUME back to default : 0x101000
03-25 15:14:24.798  2463  6387 E TaskPersister: File error accessing recents directory (directory doesn't exist?).
03-25 15:14:25.418     0     0 E KERNEL  : [1088703.499595][T21082] [schedu][0x1d33f2c0aa09][08:14:25.414476] qca6490: [21082:E:CMN_MLME] cm_report_roam_rt_stats: Roam events stats is disabled
03-25 15:14:25.770     0     0 E KERNEL  : [1088703.853080][T21082] [schedu][0x1d33f32839f6][08:14:25.767968] qca6490: [21082:E:CMN_MLME] cm_report_roam_rt_stats: Roam events stats is disabled
03-25 15:14:25.770     0     0 E KERNEL  : [1088703.854067][T21082] [schedu][0x1d33f328847d][08:14:25.768962] qca6490: [21082:E:CMN_MLME] cm_report_roam_rt_stats: Roam events stats is disabled
03-25 15:14:28.959     0     0 E KERNEL  : [1088707.031646][T21082] [schedu][0x1d33f6cb72e7][08:14:28.946541] qca6490: [21082:E:CMN_MLME] cm_report_roam_rt_stats: Roam events stats is disabled
03-25 15:14:29.182     0     0 E KERNEL  : [1088707.266491][T29370] audit: rate limit exceeded
03-25 15:14:29.186     0     0 E KERNEL  : [1088707.271965][  T719] SELinux: avc:  denied  { find } for pid=29370 uid=2000 name=android.service.gatekeeper.IGateKeeperService scontext=u:r:shell:s0 tcontext=u:object_r:gatekeeper_service:s0 tclass=service_manager permissive=0
03-25 15:14:29.206     0     0 E KERNEL  : [1088707.288399][  T719] SELinux: avc:  denied  { find } for pid=29370 uid=2000 name=dnsresolver scontext=u:r:shell:s0 tcontext=u:object_r:dnsresolver_service:s0 tclass=service_manager permissive=0
03-25 15:14:29.210     0     0 E KERNEL  : [1088707.295130][  T719] SELinux: avc:  denied  { find } for pid=29370 uid=2000 name=incident scontext=u:r:shell:s0 tcontext=u:object_r:incident_service:s0 tclass=service_manager permissive=0
03-25 15:14:29.214     0     0 E KERNEL  : [1088707.296870][  T719] SELinux: avc:  denied  { find } for pid=29370 uid=2000 name=installd scontext=u:r:shell:s0 tcontext=u:object_r:installd_service:s0 tclass=service_manager permissive=0
03-25 15:14:29.226     0     0 E KERNEL  : [1088707.308821][  T719] SELinux: avc:  denied  { find } for pid=29370 uid=2000 name=netd scontext=u:r:shell:s0 tcontext=u:object_r:netd_service:s0 tclass=service_manager permissive=0
03-25 15:14:29.250     0     0 E KERNEL  : [1088707.332435][  T719] SELinux: avc:  denied  { find } for pid=29370 uid=2000 name=suspend_control scontext=u:r:shell:s0 tcontext=u:object_r:system_suspend_control_service:s0 tclass=service_manager permissive=0
03-25 15:14:29.250     0     0 E KERNEL  : [1088707.332760][  T719] SELinux: avc:  denied  { find } for pid=29370 uid=2000 name=suspend_control_internal scontext=u:r:shell:s0 tcontext=u:object_r:system_suspend_control_internal_service:s0 tclass=service_manager permissive=0
03-25 15:14:29.429  3440  3567 E TaskViewTransitions: Found a launching TaskView in the wrong transition. All TaskView launches should be initiated by shell and in their own transition: 38053
03-25 15:14:29.664  2463  3274 E AppOps  : attributionTag VCN not declared in manifest of android
03-25 15:14:29.668  2463  3274 E AppOps  : attributionTag VCN not declared in manifest of android
03-25 15:14:29.669  2463  3274 E AppOps  : attributionTag VCN not declared in manifest of android
03-25 15:14:29.673  2463  3274 E AppOps  : attributionTag VCN not declared in manifest of android
03-25 15:14:29.679  2463  3274 E AppOps  : attributionTag VCN not declared in manifest of android
03-25 15:14:29.683  2463  3274 E AppOps  : attributionTag VCN not declared in manifest of android
03-25 15:14:29.683  2463  3274 E AppOps  : attributionTag VCN not declared in manifest of android
03-25 15:14:29.686  2463  3274 E AppOps  : attributionTag VCN not declared in manifest of android
03-25 15:14:29.702  2463  3274 E AppOps  : attributionTag VCN not declared in manifest of android
03-25 15:14:29.712  2463  3274 E AppOps  : attributionTag VCN not declared in manifest of android
03-25 15:14:29.719  2463  3274 E AppOps  : attributionTag VCN not declared in manifest of android
03-25 15:14:29.733  2463  3274 E AppOps  : attributionTag VCN not declared in manifest of android
03-25 15:14:29.738  2463  3274 E AppOps  : attributionTag VCN not declared in manifest of android
03-25 15:14:29.751  2463  3274 E AppOps  : attributionTag VCN not declared in manifest of android
03-25 15:14:29.759  2463  3274 E AppOps  : attributionTag VCN not declared in manifest of android
03-25 15:14:32.078     0     0 E KERNEL  : [1088710.160616][T21082] [schedu][0x1d33fa6022ad][08:14:32.075498] qca6490: [21082:E:CMN_MLME] cm_report_roam_rt_stats: Roam events stats is disabled
03-25 15:14:32.422     0     0 E KERNEL  : [1088710.506521][T21082] [schedu][0x1d33fac5733d][08:14:32.421319] qca6490: [21082:E:CMN_MLME] cm_report_roam_rt_stats: Roam events stats is disabled
03-25 15:14:32.422     0     0 E KERNEL  : [1088710.506890][T21082] [schedu][0x1d33fac5961c][08:14:32.421784] qca6490: [21082:E:CMN_MLME] cm_report_roam_rt_stats: Roam events stats is disabled
03-25 15:14:33.374  2463  7650 E Transition: Trying to add a ready-group twice: Display{#0 state=ON size=1080x2448 ROTATION_0}
03-25 15:14:34.394  2463  6387 E TaskPersister: File error accessing recents directory (directory doesn't exist?).
03-25 15:14:35.002     0     0 E KERNEL  : [1088713.085931][T21082] [schedu][0x1d33fdb92a23][08:14:35.000824] qca6490: [21082:E:CMN_MLME] cm_report_roam_rt_stats: Roam events stats is disabled
03-25 15:14:36.691  2463  4253 E Transition: Trying to add a ready-group twice: Display{#0 state=ON size=1080x2448 ROTATION_0}
03-25 15:14:36.978     0     0 E KERNEL  : [1088715.063278][T28356] BATTERY_CHG: handle_notification: [adsp] evtlog= [ADSP][CHG]BattMngrTech_handle_charger_limit_event. mode : 0x100, value : 0
03-25 15:14:36.978     0     0 E KERNEL  : [1088715.063282][T28356] BATTERY_CHG: handle_notification: [adsp] evtlog= [ADSP]Audio request to set LCM mode. value : 0
03-25 15:14:36.978     0     0 E KERNEL  : [1088715.063366][T28356] BATTERY_CHG: handle_notification: [adsp] evtlog= [ADSP]battman_control_lcm_mode enable = 0
03-25 15:14:36.978     0     0 E KERNEL  : [1088715.063366][T28356]
03-25 15:14:36.983     0     0 E KERNEL  : [1088715.068817][T28356] BATTERY_CHG: handle_notification: [adsp] evtlog= [ADSP]Get 0x26C2[7] : 0x0
03-25 15:14:36.983     0     0 E KERNEL  : [1088715.068817][T28356]
03-25 15:14:37.009     0     0 E KERNEL  : [1088715.094058][T19283] BATTERY_CHG: handle_notification: [adsp] evtlog= [ADSP]Audio set enable : 0, 0x26C2 : 0x3e
03-25 15:14:37.009     0     0 E KERNEL  : [1088715.094058][T19283]
03-25 15:14:37.048     0     0 E KERNEL  : [1088715.132644][ T3534] cs35l45 9-0031: cs35l45_amp_active_status_put : Get ASUS control command : 2
03-25 15:14:37.048     0     0 E KERNEL  : [1088715.132650][ T3534] cs35l45 9-0031: cs35l45_amp_active_status_put : Is LL make do not mute 1 sec( is LL PCM0)
03-25 15:14:37.048     0     0 E KERNEL  : [1088715.133184][ T3534] cs35l45 9-0030: cs35l45_amp_active_status_put : Get ASUS control command : 2
03-25 15:14:37.048     0     0 E KERNEL  : [1088715.133190][ T3534] cs35l45 9-0030: cs35l45_amp_active_status_put : Is LL make do not mute 1 sec( is LL PCM0)
03-25 15:14:37.074     0     0 E KERNEL  : [1088715.159169][ T6278] cs35l45 9-0030: cs35l45_dsp_power_ev: event = 0x2, current amp_power_status = 0
03-25 15:14:37.074     0     0 E KERNEL  : [1088715.159181][ T6278] cs35l45 9-0030: cs35l45_dsp_power_ev : Get CS35L45_AMP_PCM_CONTROL : 0x101000
03-25 15:14:37.074     0     0 E KERNEL  : [1088715.159186][ T6278] cs35l45 9-0030: cs35l45_dsp_power_ev 0x2 : Still in LL do not mute
03-25 15:14:37.074     0     0 E KERNEL  : [1088715.159189][ T6278] cs35l45 9-0030: cs35l45_dsp_power_ev 0x2 : Abandone  AMP Power down work
03-25 15:14:37.074     0     0 E KERNEL  : [1088715.159194][ T6278] cs35l45 9-0030: cs35l45_dsp_power_ev 0x2 : Begin finish mute 200ms work
03-25 15:14:37.076     0     0 E KERNEL  : [1088715.160118][ T6278] cs35l45 9-0031: cs35l45_dsp_power_ev: event = 0x2, current amp_power_status = 0
03-25 15:14:37.076     0     0 E KERNEL  : [1088715.160125][ T6278] cs35l45 9-0031: cs35l45_dsp_power_ev : Get CS35L45_AMP_PCM_CONTROL : 0x101000
03-25 15:14:37.076     0     0 E KERNEL  : [1088715.160127][ T6278] cs35l45 9-0031: cs35l45_dsp_power_ev 0x2 : Still in LL do not mute
03-25 15:14:37.076     0     0 E KERNEL  : [1088715.160129][ T6278] cs35l45 9-0031: cs35l45_dsp_power_ev 0x2 : Abandone  AMP Power down work
03-25 15:14:37.076     0     0 E KERNEL  : [1088715.160131][ T6278] cs35l45 9-0031: cs35l45_dsp_power_ev 0x2 : Begin finish mute 200ms work
03-25 15:14:37.274     0     0 E KERNEL  : [1088715.355525][T28356] cs35l45 9-0030: cs35l45_pmu_finish_mute_delay_work : Finish pmu mute state (0x101000)
03-25 15:14:37.274     0     0 E KERNEL  : [1088715.355753][T28356] cs35l45 9-0030: cs35l45_pmu_finish_mute_delay_work : Set CS35L45_AMP_PCM_CONTROL : 0x101000
03-25 15:14:37.275     0     0 E KERNEL  : [1088715.360004][T28356] cs35l45 9-0031: cs35l45_pmu_finish_mute_delay_work : Finish pmu mute state (0x101000)
03-25 15:14:37.276     0     0 E KERNEL  : [1088715.360017][T28356] cs35l45 9-0031: cs35l45_pmu_finish_mute_delay_work : Set CS35L45_AMP_PCM_CONTROL : 0x101000
03-25 15:14:37.578     0     0 E KERNEL  : [1088715.659749][ T9480] cs35l45 9-0030: cs35l45_ll_do_not_mute_delay_work : Finish LL make do not mute 1 sec(1)
03-25 15:14:37.578     0     0 E KERNEL  : [1088715.659787][T28356] cs35l45 9-0031: cs35l45_ll_do_not_mute_delay_work : Finish LL make do not mute 1 sec(1)
03-25 15:14:37.598     0     0 E KERNEL  : [1088715.682037][T21082] [schedu][0x1d3400b1bd00][08:14:37.596915] qca6490: [21082:E:CMN_MLME] cm_report_roam_rt_stats: Roam events stats is disabled
03-25 15:14:37.758     0     0 E KERNEL  : [1088715.840167][T21082] [schedu][0x1d3400e010f3][08:14:37.755048] qca6490: [21082:E:CMN_MLME] cm_report_roam_rt_stats: Roam events stats is disabled
03-25 15:14:37.758     0     0 E KERNEL  : [1088715.840571][T21082] [schedu][0x1d3400e03029][08:14:37.755464] qca6490: [21082:E:CMN_MLME] cm_report_roam_rt_stats: Roam events stats is disabled
03-25 15:14:39.699  2463  6387 E TaskPersister: File error accessing recents directory (directory doesn't exist?).
03-25 15:14:39.788 29396 29561 F libc    : Fatal signal 6 (SIGABRT), code -1 (SI_QUEUE) in tid 29561 (aosl_main), pid 29396 (at_app_frontend)
03-25 15:14:40.025 29766 29766 F DEBUG   : *** *** *** *** *** *** *** *** *** *** *** *** *** *** *** ***
03-25 15:14:40.025 29766 29766 F DEBUG   : Build fingerprint: 'asus/WW_AI2201/ASUS_AI2201:14/UKQ1.230924.001/34.0210.0210.276-0:user/release-keys'
03-25 15:14:40.025 29766 29766 F DEBUG   : Revision: '0'
03-25 15:14:40.025 29766 29766 F DEBUG   : ABI: 'arm64'
03-25 15:14:40.025 29766 29766 F DEBUG   : Timestamp: 2026-03-25 15:14:39.860060655+0700
03-25 15:14:40.025 29766 29766 F DEBUG   : Process uptime: 12s
03-25 15:14:40.025 29766 29766 F DEBUG   : Cmdline: com.example.chat_app_frontend
03-25 15:14:40.025 29766 29766 F DEBUG   : pid: 29396, tid: 29561, name: aosl_main  >>> com.example.chat_app_frontend <<<
03-25 15:14:40.025 29766 29766 F DEBUG   : uid: 10287
03-25 15:14:40.025 29766 29766 F DEBUG   : tagged_addr_ctrl: 0000000000000001 (PR_TAGGED_ADDR_ENABLE)
03-25 15:14:40.025 29766 29766 F DEBUG   : pac_enabled_keys: 000000000000000f (PR_PAC_APIAKEY, PR_PAC_APIBKEY, PR_PAC_APDAKEY, PR_PAC_APDBKEY)
03-25 15:14:40.025 29766 29766 F DEBUG   : signal 6 (SIGABRT), code -1 (SI_QUEUE), fault addr --------
03-25 15:14:40.025 29766 29766 F DEBUG   :     x0  0000000000000000  x1  0000000000007379  x2  0000000000000006  x3  0000006fccd59120
03-25 15:14:40.025 29766 29766 F DEBUG   :     x4  2d2e2d2d2e2d2d2e  x5  2d2e2d2d2e2d2d2e  x6  2d2e2d2d2e2d2d2e  x7  7f7f7f7f7f7f7f7f
03-25 15:14:40.025 29766 29766 F DEBUG   :     x8  00000000000000f0  x9  0000007424a5f298  x10 0000000000000001  x11 0000007424aa7d3c
03-25 15:14:40.025 29766 29766 F DEBUG   :     x12 0000006fccd57a30  x13 00000000000000bf  x14 0000006fccd57ae0  x15 00001d340275ba4f
03-25 15:14:40.025 29766 29766 F DEBUG   :     x16 0000007424b10d18  x17 0000007424aeb7c0  x18 0000000000000000  x19 00000000000072d4
03-25 15:14:40.025 29766 29766 F DEBUG   :     x20 0000000000007379  x21 00000000ffffffff  x22 0000006fccd594f0  x23 0000006fd8ed57ca
03-25 15:14:40.025 29766 29766 F DEBUG   :     x24 0000006fccd594f0  x25 0000006fd8f234f8  x26 0000006fd8f23590  x27 0000006fd8f23548
03-25 15:14:40.025 29766 29766 F DEBUG   :     x28 0000006fd8f23570  x29 0000006fccd591a0
03-25 15:14:40.025 29766 29766 F DEBUG   :     lr  0000007424a98a3c  sp  0000006fccd59100  pc  0000007424a98a68  pst 0000000000001000
03-25 15:14:40.025 29766 29766 F DEBUG   : 21 total frames
03-25 15:14:40.025 29766 29766 F DEBUG   : backtrace:
03-25 15:14:40.025 29766 29766 F DEBUG   :       #00 pc 000000000005ba68  /apex/com.android.runtime/lib64/bionic/libc.so (abort+168) (BuildId: 527c3be62cdf19bf232b9e6d83dfa659)
03-25 15:14:40.025 29766 29766 F DEBUG   :       #01 pc 0000000000023a80  /data/app/~~dm8Q9UXL0SluWC8sxBM9rg==/com.example.chat_app_frontend-9uq_Vf470eJFOi2vF3OzBw==/base.apk!libagora_screen_capture_extension.so (offset 0x10c4000) (BuildId: 8768223cf7b334333f80812173672481ca4612c2)
03-25 15:14:40.025 29766 29766 F DEBUG   :       #02 pc 00000000000275ec  /data/app/~~dm8Q9UXL0SluWC8sxBM9rg==/com.example.chat_app_frontend-9uq_Vf470eJFOi2vF3OzBw==/base.apk!libagora_screen_capture_extension.so (offset 0x10c4000) (BuildId: 8768223cf7b334333f80812173672481ca4612c2)
