03-25 15:14:40.025 29766 29766 F DEBUG   :       #03 pc 0000000000027958  /data/app/~~dm8Q9UXL0SluWC8sxBM9rg==/com.example.chat_app_frontend-9uq_Vf470eJFOi2vF3OzBw==/base.apk!libagora_screen_capture_extension.so (offset 0x10c4000) (BuildId: 8768223cf7b334333f80812173672481ca4612c2)
03-25 15:14:40.025 29766 29766 F DEBUG   :       #04 pc 000000000001fc50  /data/app/~~dm8Q9UXL0SluWC8sxBM9rg==/com.example.chat_app_frontend-9uq_Vf470eJFOi2vF3OzBw==/base.apk!libagora_screen_capture_extension.so (offset 0x10c4000) (BuildId: 8768223cf7b334333f80812173672481ca4612c2)
03-25 15:14:40.025 29766 29766 F DEBUG   :       #05 pc 00000000012ff998  /data/app/~~dm8Q9UXL0SluWC8sxBM9rg==/com.example.chat_app_frontend-9uq_Vf470eJFOi2vF3OzBw==/base.apk!libagora-rtc-sdk.so (offset 0x4db8000) (BuildId: c34dc83d49babb1fa4fcbd4463b9804fd8025c05)
03-25 15:14:40.025 29766 29766 F DEBUG   :       #06 pc 00000000012ff7e0  /data/app/~~dm8Q9UXL0SluWC8sxBM9rg==/com.example.chat_app_frontend-9uq_Vf470eJFOi2vF3OzBw==/base.apk!libagora-rtc-sdk.so (offset 0x4db8000) (BuildId: c34dc83d49babb1fa4fcbd4463b9804fd8025c05)
03-25 15:14:40.025 29766 29766 F DEBUG   :       #07 pc 00000000012ff0a4  /data/app/~~dm8Q9UXL0SluWC8sxBM9rg==/com.example.chat_app_frontend-9uq_Vf470eJFOi2vF3OzBw==/base.apk!libagora-rtc-sdk.so (offset 0x4db8000) (BuildId: c34dc83d49babb1fa4fcbd4463b9804fd8025c05)
03-25 15:14:40.025 29766 29766 F DEBUG   :       #08 pc 00000000012ff03c  /data/app/~~dm8Q9UXL0SluWC8sxBM9rg==/com.example.chat_app_frontend-9uq_Vf470eJFOi2vF3OzBw==/base.apk!libagora-rtc-sdk.so (offset 0x4db8000) (BuildId: c34dc83d49babb1fa4fcbd4463b9804fd8025c05)
03-25 15:14:40.025 29766 29766 F DEBUG   :       #09 pc 0000000001300fb4  /data/app/~~dm8Q9UXL0SluWC8sxBM9rg==/com.example.chat_app_frontend-9uq_Vf470eJFOi2vF3OzBw==/base.apk!libagora-rtc-sdk.so (offset 0x4db8000) (BuildId: c34dc83d49babb1fa4fcbd4463b9804fd8025c05)
03-25 15:14:40.025 29766 29766 F DEBUG   :       #10 pc 00000000012cbeac  /data/app/~~dm8Q9UXL0SluWC8sxBM9rg==/com.example.chat_app_frontend-9uq_Vf470eJFOi2vF3OzBw==/base.apk!libagora-rtc-sdk.so (offset 0x4db8000) (BuildId: c34dc83d49babb1fa4fcbd4463b9804fd8025c05)
03-25 15:14:40.025 29766 29766 F DEBUG   :       #11 pc 00000000015b60a4  /data/app/~~dm8Q9UXL0SluWC8sxBM9rg==/com.example.chat_app_frontend-9uq_Vf470eJFOi2vF3OzBw==/base.apk!libagora-rtc-sdk.so (offset 0x4db8000) (BuildId: c34dc83d49babb1fa4fcbd4463b9804fd8025c05)
03-25 15:14:40.025 29766 29766 F DEBUG   :       #12 pc 000000000080fa18  /data/app/~~dm8Q9UXL0SluWC8sxBM9rg==/com.example.chat_app_frontend-9uq_Vf470eJFOi2vF3OzBw==/base.apk!libagora-rtc-sdk.so (offset 0x4db8000) (BuildId: c34dc83d49babb1fa4fcbd4463b9804fd8025c05)
03-25 15:14:40.025 29766 29766 F DEBUG   :       #13 pc 000000000001a3b8  /data/app/~~dm8Q9UXL0SluWC8sxBM9rg==/com.example.chat_app_frontend-9uq_Vf470eJFOi2vF3OzBw==/base.apk!libaosl.so (offset 0x38e8000) (BuildId: 5285960aef86b1f9ce45c5340affdc182d1991a2)
03-25 15:14:40.025 29766 29766 F DEBUG   :       #14 pc 000000000001d05c  /data/app/~~dm8Q9UXL0SluWC8sxBM9rg==/com.example.chat_app_frontend-9uq_Vf470eJFOi2vF3OzBw==/base.apk!libaosl.so (offset 0x38e8000) (BuildId: 5285960aef86b1f9ce45c5340affdc182d1991a2)
03-25 15:14:40.025 29766 29766 F DEBUG   :       #15 pc 000000000001b9cc  /data/app/~~dm8Q9UXL0SluWC8sxBM9rg==/com.example.chat_app_frontend-9uq_Vf470eJFOi2vF3OzBw==/base.apk!libaosl.so (offset 0x38e8000) (BuildId: 5285960aef86b1f9ce45c5340affdc182d1991a2)
03-25 15:14:40.025 29766 29766 F DEBUG   :       #16 pc 000000000001b614  /data/app/~~dm8Q9UXL0SluWC8sxBM9rg==/com.example.chat_app_frontend-9uq_Vf470eJFOi2vF3OzBw==/base.apk!libaosl.so (offset 0x38e8000) (BuildId: 5285960aef86b1f9ce45c5340affdc182d1991a2)
03-25 15:14:40.025 29766 29766 F DEBUG   :       #17 pc 000000000001a60c  /data/app/~~dm8Q9UXL0SluWC8sxBM9rg==/com.example.chat_app_frontend-9uq_Vf470eJFOi2vF3OzBw==/base.apk!libaosl.so (offset 0x38e8000) (BuildId: 5285960aef86b1f9ce45c5340affdc182d1991a2)
03-25 15:14:40.025 29766 29766 F DEBUG   :       #18 pc 000000000002c460  /data/app/~~dm8Q9UXL0SluWC8sxBM9rg==/com.example.chat_app_frontend-9uq_Vf470eJFOi2vF3OzBw==/base.apk!libaosl.so (offset 0x38e8000) (BuildId: 5285960aef86b1f9ce45c5340affdc182d1991a2)
03-25 15:14:40.025 29766 29766 F DEBUG   :       #19 pc 00000000000c3a54  /apex/com.android.runtime/lib64/bionic/libc.so (__pthread_start(void*)+208) (BuildId: 527c3be62cdf19bf232b9e6d83dfa659)
03-25 15:14:40.025 29766 29766 F DEBUG   :       #20 pc 000000000005d3bc  /apex/com.android.runtime/lib64/bionic/libc.so (__start_thread+68) (BuildId: 527c3be62cdf19bf232b9e6d83dfa659)
03-25 15:14:40.110     0     0 E KERNEL  : [1088718.193796][ T9480] BATTERY_CHG: handle_notification: [adsp] evtlog= [ADSP][CHG]BattMngrTech_handle_charger_limit_event. mode : 0x100, value : 1
03-25 15:14:40.110     0     0 E KERNEL  : [1088718.193809][ T9480] BATTERY_CHG: handle_notification: [adsp] evtlog= [ADSP]Audio request to set LCM mode. value : 1
03-25 15:14:40.110     0     0 E KERNEL  : [1088718.193815][ T9480] BATTERY_CHG: handle_notification: [adsp] evtlog= [ADSP]battman_control_lcm_mode enable = 1
03-25 15:14:40.110     0     0 E KERNEL  : [1088718.193815][ T9480]
03-25 15:14:40.114     0     0 E KERNEL  : [1088718.198997][T18061] BATTERY_CHG: handle_notification: [adsp] evtlog= [ADSP]Get 0x26C2[7] : 0x0
03-25 15:14:40.114     0     0 E KERNEL  : [1088718.198997][T18061]
03-25 15:14:40.140     0     0 E KERNEL  : [1088718.224282][T28356] BATTERY_CHG: handle_notification: [adsp] evtlog= [ADSP]Audio set enable : 1, 0x26C2 : 0x1e
03-25 15:14:40.140     0     0 E KERNEL  : [1088718.224282][T28356]
03-25 15:14:40.608  2463  6097 E AppOps  : Operation not started: uid=10287 pkg=com.example.chat_app_frontend(null) op=RECORD_AUDIO
03-25 15:14:40.822     0     0 E KERNEL  : [1088718.907104][T21082] [schedu][0x1d3404629624][08:14:40.821997] qca6490: [21082:E:CMN_MLME] cm_report_roam_rt_stats: Roam events stats is disabled
03-25 15:14:42.766     0     0 E KERNEL  : [1088720.849510][ T1880] cs35l45 9-0030: cs35l45_dsp_power_ev: event = 0x4, current amp_power_status = 1
03-25 15:14:42.770     0     0 E KERNEL  : [1088720.851880][ T1880] cs35l45 9-0030: cs35l45_dsp_power_ev : Get CS35L45_AMP_PCM_CONTROL : 0x101000
03-25 15:14:42.773     0     0 E KERNEL  : [1088720.856875][ T1880] cs35l45 9-0030: cs35l45_dsp_power_ev 0x4 : Set CS35L45_AMP_PCM_CONTROL mute : 0x1014CF
03-25 15:14:42.773     0     0 E KERNEL  : [1088720.856893][ T1880] cs35l45 9-0030: cs35l45_dsp_power_ev 0x4 : Begin finish mute 230ms work
03-25 15:14:42.773     0     0 E KERNEL  : [1088720.856932][ T1880] cs35l45 9-0031: cs35l45_dsp_power_ev: event = 0x4, current amp_power_status = 1
03-25 15:14:42.773     0     0 E KERNEL  : [1088720.856952][ T1880] cs35l45 9-0031: cs35l45_dsp_power_ev : Get CS35L45_AMP_PCM_CONTROL : 0x101000
03-25 15:14:42.779     0     0 E KERNEL  : [1088720.862135][ T1880] cs35l45 9-0031: cs35l45_dsp_power_ev 0x4 : Set CS35L45_AMP_PCM_CONTROL mute : 0x1014CF
03-25 15:14:42.779     0     0 E KERNEL  : [1088720.862149][ T1880] cs35l45 9-0031: cs35l45_dsp_power_ev 0x4 : Begin finish mute 230ms work
03-25 15:14:43.006     0     0 E KERNEL  : [1088721.087779][T18061] cs35l45 9-0030: cs35l45_pmu_finish_mute_delay_work : Finish pmu mute state (0x101000)
03-25 15:14:43.006     0     0 E KERNEL  : [1088721.087809][T18061] cs35l45 9-0030: cs35l45_pmu_finish_mute_delay_work : Set CS35L45_AMP_PCM_CONTROL : 0x101000
03-25 15:14:43.006     0     0 E KERNEL  : [1088721.091720][T28356] cs35l45 9-0031: cs35l45_pmu_finish_mute_delay_work : Finish pmu mute state (0x101000)
03-25 15:14:43.006     0     0 E KERNEL  : [1088721.091740][T28356] cs35l45 9-0031: cs35l45_pmu_finish_mute_delay_work : Set CS35L45_AMP_PCM_CONTROL : 0x101000
03-25 15:14:43.472  2463  6387 E TaskPersister: File error accessing recents directory (directory doesn't exist?).
03-25 15:14:43.790     0     0 E KERNEL  : [1088721.873699][T18061] cs35l45 9-0031: cs35l45_dsp_pmd_delay_work begin and reset PCM VOLUME back to default : 0x101000
03-25 15:14:43.790     0     0 E KERNEL  : [1088721.874063][T28356] cs35l45 9-0030: cs35l45_dsp_pmd_delay_work begin and reset PCM VOLUME back to default : 0x101000
03-25 15:14:44.648  2463  4214 E Transition: Trying to add a ready-group twice: Display{#0 state=ON size=1080x2448 ROTATION_0}
03-25 15:14:44.935     0     0 E KERNEL  : [1088723.019898][T28356] BATTERY_CHG: handle_notification: [adsp] evtlog= [ADSP][CHG]BattMngrTech_handle_charger_limit_event. mode : 0x100, value : 0
03-25 15:14:44.935     0     0 E KERNEL  : [1088723.019921][T28356] BATTERY_CHG: handle_notification: [adsp] evtlog= [ADSP]Audio request to set LCM mode. value : 0
03-25 15:14:44.935     0     0 E KERNEL  : [1088723.019976][ T9480] BATTERY_CHG: handle_notification: [adsp] evtlog= [ADSP]battman_control_lcm_mode enable = 0
03-25 15:14:44.935     0     0 E KERNEL  : [1088723.019976][ T9480]
03-25 15:14:44.941     0     0 E KERNEL  : [1088723.025144][ T9480] BATTERY_CHG: handle_notification: [adsp] evtlog= [ADSP]Get 0x26C2[7] : 0x0
03-25 15:14:44.941     0     0 E KERNEL  : [1088723.025144][ T9480]
03-25 15:14:44.965     0     0 E KERNEL  : [1088723.050461][ T9480] BATTERY_CHG: handle_notification: [adsp] evtlog= [ADSP]Audio set enable : 0, 0x26C2 : 0x3e
03-25 15:14:44.965     0     0 E KERNEL  : [1088723.050461][ T9480]
03-25 15:14:44.967     0     0 E KERNEL  : [1088723.051835][ T3534] cs35l45 9-0031: cs35l45_amp_active_status_put : Get ASUS control command : 2
03-25 15:14:44.967     0     0 E KERNEL  : [1088723.051841][ T3534] cs35l45 9-0031: cs35l45_amp_active_status_put : Is LL make do not mute 1 sec( is LL PCM0)
03-25 15:14:44.967     0     0 E KERNEL  : [1088723.052343][ T3534] cs35l45 9-0030: cs35l45_amp_active_status_put : Get ASUS control command : 2
03-25 15:14:44.967     0     0 E KERNEL  : [1088723.052347][ T3534] cs35l45 9-0030: cs35l45_amp_active_status_put : Is LL make do not mute 1 sec( is LL PCM0)
03-25 15:14:44.991     0     0 E KERNEL  : [1088723.076326][ T1880] cs35l45 9-0030: cs35l45_dsp_power_ev: event = 0x2, current amp_power_status = 0
03-25 15:14:44.991     0     0 E KERNEL  : [1088723.076338][ T1880] cs35l45 9-0030: cs35l45_dsp_power_ev : Get CS35L45_AMP_PCM_CONTROL : 0x101000
03-25 15:14:44.991     0     0 E KERNEL  : [1088723.076341][ T1880] cs35l45 9-0030: cs35l45_dsp_power_ev 0x2 : Still in LL do not mute
03-25 15:14:44.991     0     0 E KERNEL  : [1088723.076344][ T1880] cs35l45 9-0030: cs35l45_dsp_power_ev 0x2 : Abandone  AMP Power down work
03-25 15:14:44.992     0     0 E KERNEL  : [1088723.076347][ T1880] cs35l45 9-0030: cs35l45_dsp_power_ev 0x2 : Begin finish mute 200ms work
03-25 15:14:44.992     0     0 E KERNEL  : [1088723.077336][ T1880] cs35l45 9-0031: cs35l45_dsp_power_ev: event = 0x2, current amp_power_status = 0
03-25 15:14:44.992     0     0 E KERNEL  : [1088723.077343][ T1880] cs35l45 9-0031: cs35l45_dsp_power_ev : Get CS35L45_AMP_PCM_CONTROL : 0x101000
03-25 15:14:44.992     0     0 E KERNEL  : [1088723.077346][ T1880] cs35l45 9-0031: cs35l45_dsp_power_ev 0x2 : Still in LL do not mute
03-25 15:14:44.992     0     0 E KERNEL  : [1088723.077347][ T1880] cs35l45 9-0031: cs35l45_dsp_power_ev 0x2 : Abandone  AMP Power down work
03-25 15:14:44.992     0     0 E KERNEL  : [1088723.077350][ T1880] cs35l45 9-0031: cs35l45_dsp_power_ev 0x2 : Begin finish mute 200ms work
03-25 15:14:45.194     0     0 E KERNEL  : [1088723.275538][ T9480] cs35l45 9-0031: cs35l45_pmu_finish_mute_delay_work : Finish pmu mute state (0x101000)
03-25 15:14:45.194     0     0 E KERNEL  : [1088723.275562][ T9480] cs35l45 9-0031: cs35l45_pmu_finish_mute_delay_work : Set CS35L45_AMP_PCM_CONTROL : 0x101000
03-25 15:14:45.194     0     0 E KERNEL  : [1088723.275570][T28356] cs35l45 9-0030: cs35l45_pmu_finish_mute_delay_work : Finish pmu mute state (0x101000)
03-25 15:14:45.194     0     0 E KERNEL  : [1088723.275577][T28356] cs35l45 9-0030: cs35l45_pmu_finish_mute_delay_work : Set CS35L45_AMP_PCM_CONTROL : 0x101000
03-25 15:14:45.482     0     0 E KERNEL  : [1088723.563544][T18061] cs35l45 9-0030: cs35l45_ll_do_not_mute_delay_work : Finish LL make do not mute 1 sec(1)
03-25 15:14:45.482     0     0 E KERNEL  : [1088723.563559][T28356] cs35l45 9-0031: cs35l45_ll_do_not_mute_delay_work : Finish LL make do not mute 1 sec(1)
03-25 15:14:47.648  2463  6387 E TaskPersister: File error accessing recents directory (directory doesn't exist?).
03-25 15:14:47.656 29782 29895 F libc    : Fatal signal 6 (SIGABRT), code -1 (SI_QUEUE) in tid 29895 (aosl_main), pid 29782 (at_app_frontend)
03-25 15:14:47.917 30071 30071 F DEBUG   : *** *** *** *** *** *** *** *** *** *** *** *** *** *** *** ***
03-25 15:14:47.917 30071 30071 F DEBUG   : Build fingerprint: 'asus/WW_AI2201/ASUS_AI2201:14/UKQ1.230924.001/34.0210.0210.276-0:user/release-keys'
03-25 15:14:47.917 30071 30071 F DEBUG   : Revision: '0'
03-25 15:14:47.917 30071 30071 F DEBUG   : ABI: 'arm64'
03-25 15:14:47.917 30071 30071 F DEBUG   : Timestamp: 2026-03-25 15:14:47.740261485+0700
03-25 15:14:47.917 30071 30071 F DEBUG   : Process uptime: 9s
03-25 15:14:47.917 30071 30071 F DEBUG   : Cmdline: com.example.chat_app_frontend
03-25 15:14:47.917 30071 30071 F DEBUG   : pid: 29782, tid: 29895, name: aosl_main  >>> com.example.chat_app_frontend <<<
03-25 15:14:47.917 30071 30071 F DEBUG   : uid: 10287
03-25 15:14:47.917 30071 30071 F DEBUG   : tagged_addr_ctrl: 0000000000000001 (PR_TAGGED_ADDR_ENABLE)
03-25 15:14:47.917 30071 30071 F DEBUG   : pac_enabled_keys: 000000000000000f (PR_PAC_APIAKEY, PR_PAC_APIBKEY, PR_PAC_APDAKEY, PR_PAC_APDBKEY)
03-25 15:14:47.917 30071 30071 F DEBUG   : signal 6 (SIGABRT), code -1 (SI_QUEUE), fault addr --------
03-25 15:14:47.917 30071 30071 F DEBUG   :     x0  0000000000000000  x1  00000000000074c7  x2  0000000000000006  x3  0000006fd035c120
03-25 15:14:47.917 30071 30071 F DEBUG   :     x4  2d2e2d2d2e2d2d2e  x5  2d2e2d2d2e2d2d2e  x6  2d2e2d2d2e2d2d2e  x7  7f7f7f7f7f7f7f7f
03-25 15:14:47.917 30071 30071 F DEBUG   :     x8  00000000000000f0  x9  0000007424a5f298  x10 0000000000000001  x11 0000007424aa7d3c
03-25 15:14:47.917 30071 30071 F DEBUG   :     x12 0000006fd035aa30  x13 00000000000000bf  x14 0000006fd035aae0  x15 00001d340b7e014a
03-25 15:14:47.917 30071 30071 F DEBUG   :     x16 0000007424b10d18  x17 0000007424aeb7c0  x18 0000000000000000  x19 0000000000007456
03-25 15:14:47.917 30071 30071 F DEBUG   :     x20 00000000000074c7  x21 00000000ffffffff  x22 0000006fd035c4f0  x23 0000006fd98aa7ca
03-25 15:14:47.917 30071 30071 F DEBUG   :     x24 0000006fd035c4f0  x25 0000006fd98f84f8  x26 0000006fd98f8590  x27 0000006fd98f8548
03-25 15:14:47.917 30071 30071 F DEBUG   :     x28 0000006fd98f8570  x29 0000006fd035c1a0
03-25 15:14:47.917 30071 30071 F DEBUG   :     lr  0000007424a98a3c  sp  0000006fd035c100  pc  0000007424a98a68  pst 0000000000001000
03-25 15:14:47.917 30071 30071 F DEBUG   : 21 total frames
03-25 15:14:47.917 30071 30071 F DEBUG   : backtrace:
03-25 15:14:47.917 30071 30071 F DEBUG   :       #00 pc 000000000005ba68  /apex/com.android.runtime/lib64/bionic/libc.so (abort+168) (BuildId: 527c3be62cdf19bf232b9e6d83dfa659)
03-25 15:14:47.917 30071 30071 F DEBUG   :       #01 pc 0000000000023a80  /data/app/~~dm8Q9UXL0SluWC8sxBM9rg==/com.example.chat_app_frontend-9uq_Vf470eJFOi2vF3OzBw==/base.apk!libagora_screen_capture_extension.so (offset 0x10c4000) (BuildId: 8768223cf7b334333f80812173672481ca4612c2)
03-25 15:14:47.917 30071 30071 F DEBUG   :       #02 pc 00000000000275ec  /data/app/~~dm8Q9UXL0SluWC8sxBM9rg==/com.example.chat_app_frontend-9uq_Vf470eJFOi2vF3OzBw==/base.apk!libagora_screen_capture_extension.so (offset 0x10c4000) (BuildId: 8768223cf7b334333f80812173672481ca4612c2)
03-25 15:14:47.917 30071 30071 F DEBUG   :       #03 pc 0000000000027958  /data/app/~~dm8Q9UXL0SluWC8sxBM9rg==/com.example.chat_app_frontend-9uq_Vf470eJFOi2vF3OzBw==/base.apk!libagora_screen_capture_extension.so (offset 0x10c4000) (BuildId: 8768223cf7b334333f80812173672481ca4612c2)
03-25 15:14:47.917 30071 30071 F DEBUG   :       #04 pc 000000000001fc50  /data/app/~~dm8Q9UXL0SluWC8sxBM9rg==/com.example.chat_app_frontend-9uq_Vf470eJFOi2vF3OzBw==/base.apk!libagora_screen_capture_extension.so (offset 0x10c4000) (BuildId: 8768223cf7b334333f80812173672481ca4612c2)
03-25 15:14:47.917 30071 30071 F DEBUG   :       #05 pc 00000000012ff998  /data/app/~~dm8Q9UXL0SluWC8sxBM9rg==/com.example.chat_app_frontend-9uq_Vf470eJFOi2vF3OzBw==/base.apk!libagora-rtc-sdk.so (offset 0x4db8000) (BuildId: c34dc83d49babb1fa4fcbd4463b9804fd8025c05)
03-25 15:14:47.917 30071 30071 F DEBUG   :       #06 pc 00000000012ff7e0  /data/app/~~dm8Q9UXL0SluWC8sxBM9rg==/com.example.chat_app_frontend-9uq_Vf470eJFOi2vF3OzBw==/base.apk!libagora-rtc-sdk.so (offset 0x4db8000) (BuildId: c34dc83d49babb1fa4fcbd4463b9804fd8025c05)
03-25 15:14:47.917 30071 30071 F DEBUG   :       #07 pc 00000000012ff0a4  /data/app/~~dm8Q9UXL0SluWC8sxBM9rg==/com.example.chat_app_frontend-9uq_Vf470eJFOi2vF3OzBw==/base.apk!libagora-rtc-sdk.so (offset 0x4db8000) (BuildId: c34dc83d49babb1fa4fcbd4463b9804fd8025c05)
03-25 15:14:47.917 30071 30071 F DEBUG   :       #08 pc 00000000012ff03c  /data/app/~~dm8Q9UXL0SluWC8sxBM9rg==/com.example.chat_app_frontend-9uq_Vf470eJFOi2vF3OzBw==/base.apk!libagora-rtc-sdk.so (offset 0x4db8000) (BuildId: c34dc83d49babb1fa4fcbd4463b9804fd8025c05)
03-25 15:14:47.917 30071 30071 F DEBUG   :       #09 pc 0000000001300fb4  /data/app/~~dm8Q9UXL0SluWC8sxBM9rg==/com.example.chat_app_frontend-9uq_Vf470eJFOi2vF3OzBw==/base.apk!libagora-rtc-sdk.so (offset 0x4db8000) (BuildId: c34dc83d49babb1fa4fcbd4463b9804fd8025c05)
03-25 15:14:47.917 30071 30071 F DEBUG   :       #10 pc 00000000012cbeac  /data/app/~~dm8Q9UXL0SluWC8sxBM9rg==/com.example.chat_app_frontend-9uq_Vf470eJFOi2vF3OzBw==/base.apk!libagora-rtc-sdk.so (offset 0x4db8000) (BuildId: c34dc83d49babb1fa4fcbd4463b9804fd8025c05)
03-25 15:14:47.917 30071 30071 F DEBUG   :       #11 pc 00000000015b60a4  /data/app/~~dm8Q9UXL0SluWC8sxBM9rg==/com.example.chat_app_frontend-9uq_Vf470eJFOi2vF3OzBw==/base.apk!libagora-rtc-sdk.so (offset 0x4db8000) (BuildId: c34dc83d49babb1fa4fcbd4463b9804fd8025c05)
03-25 15:14:47.917 30071 30071 F DEBUG   :       #12 pc 000000000080fa18  /data/app/~~dm8Q9UXL0SluWC8sxBM9rg==/com.example.chat_app_frontend-9uq_Vf470eJFOi2vF3OzBw==/base.apk!libagora-rtc-sdk.so (offset 0x4db8000) (BuildId: c34dc83d49babb1fa4fcbd4463b9804fd8025c05)
03-25 15:14:47.917 30071 30071 F DEBUG   :       #13 pc 000000000001a3b8  /data/app/~~dm8Q9UXL0SluWC8sxBM9rg==/com.example.chat_app_frontend-9uq_Vf470eJFOi2vF3OzBw==/base.apk!libaosl.so (offset 0x38e8000) (BuildId: 5285960aef86b1f9ce45c5340affdc182d1991a2)
03-25 15:14:47.917 30071 30071 F DEBUG   :       #14 pc 000000000001d05c  /data/app/~~dm8Q9UXL0SluWC8sxBM9rg==/com.example.chat_app_frontend-9uq_Vf470eJFOi2vF3OzBw==/base.apk!libaosl.so (offset 0x38e8000) (BuildId: 5285960aef86b1f9ce45c5340affdc182d1991a2)
03-25 15:14:47.917 30071 30071 F DEBUG   :       #15 pc 000000000001b9cc  /data/app/~~dm8Q9UXL0SluWC8sxBM9rg==/com.example.chat_app_frontend-9uq_Vf470eJFOi2vF3OzBw==/base.apk!libaosl.so (offset 0x38e8000) (BuildId: 5285960aef86b1f9ce45c5340affdc182d1991a2)
03-25 15:14:47.917 30071 30071 F DEBUG   :       #16 pc 000000000001b614  /data/app/~~dm8Q9UXL0SluWC8sxBM9rg==/com.example.chat_app_frontend-9uq_Vf470eJFOi2vF3OzBw==/base.apk!libaosl.so (offset 0x38e8000) (BuildId: 5285960aef86b1f9ce45c5340affdc182d1991a2)
03-25 15:14:47.917 30071 30071 F DEBUG   :       #17 pc 000000000001a60c  /data/app/~~dm8Q9UXL0SluWC8sxBM9rg==/com.example.chat_app_frontend-9uq_Vf470eJFOi2vF3OzBw==/base.apk!libaosl.so (offset 0x38e8000) (BuildId: 5285960aef86b1f9ce45c5340affdc182d1991a2)
03-25 15:14:47.917 30071 30071 F DEBUG   :       #18 pc 000000000002c460  /data/app/~~dm8Q9UXL0SluWC8sxBM9rg==/com.example.chat_app_frontend-9uq_Vf470eJFOi2vF3OzBw==/base.apk!libaosl.so (offset 0x38e8000) (BuildId: 5285960aef86b1f9ce45c5340affdc182d1991a2)
03-25 15:14:47.917 30071 30071 F DEBUG   :       #19 pc 00000000000c3a54  /apex/com.android.runtime/lib64/bionic/libc.so (__pthread_start(void*)+208) (BuildId: 527c3be62cdf19bf232b9e6d83dfa659)
03-25 15:14:47.917 30071 30071 F DEBUG   :       #20 pc 000000000005d3bc  /apex/com.android.runtime/lib64/bionic/libc.so (__start_thread+68) (BuildId: 527c3be62cdf19bf232b9e6d83dfa659)
03-25 15:14:48.026     0     0 E KERNEL  : [1088726.110321][T18061] BATTERY_CHG: handle_notification: [adsp] evtlog= [ADSP][CHG]BattMngrTech_handle_charger_limit_event. mode : 0x100, value : 1
03-25 15:14:48.026     0     0 E KERNEL  : [1088726.110339][T18061] BATTERY_CHG: handle_notification: [adsp] evtlog= [ADSP]Audio request to set LCM mode. value : 1
03-25 15:14:48.026     0     0 E KERNEL  : [1088726.110345][T18061] BATTERY_CHG: handle_notification: [adsp] evtlog= [ADSP]battman_control_lcm_mode enable = 1
03-25 15:14:48.026     0     0 E KERNEL  : [1088726.110345][T18061]
03-25 15:14:48.033     0     0 E KERNEL  : [1088726.115572][T28356] BATTERY_CHG: handle_notification: [adsp] evtlog= [ADSP]Get 0x26C2[7] : 0x0
03-25 15:14:48.033     0     0 E KERNEL  : [1088726.115572][T28356]
03-25 15:14:48.056     0     0 E KERNEL  : [1088726.140864][T28356] BATTERY_CHG: handle_notification: [adsp] evtlog= [ADSP]Audio set enable : 1, 0x26C2 : 0x1e
03-25 15:14:48.056     0     0 E KERNEL  : [1088726.140864][T28356]
03-25 15:14:48.243  2463  6937 E Transition: Trying to add a ready-group twice: Display{#0 state=ON size=1080x2448 ROTATION_0}
03-25 15:14:48.368     0     0 E KERNEL  : [1088726.451398][ T9480] BATTERY_CHG: handle_notification: [adsp] evtlog= fg_stub check : data_scale_hi = 100.000000, record data_scale_hi = 0
03-25 15:14:48.369     0     0 E KERNEL  : [1088726.451439][ T9480] BATTERY_CHG: handle_notification: [adsp] evtlog= data1 >95 && cable connected, data_scale_hi_origin =95.000000,data_scale_hi = 100.000000
03-25 15:14:48.566  2463  6465 E AppOps  : Operation not started: uid=10287 pkg=com.example.chat_app_frontend(null) op=RECORD_AUDIO
03-25 15:14:48.682     0     0 E KERNEL  : [1088726.766670][ T9480] BATTERY_CHG: handle_notification: [adsp] evtlog= [FG] fg_stub_get_AltManufacturerAccess_data: FG 0x4280: 0x11d74280
03-25 15:14:48.786     0     0 E KERNEL  : [1088726.870364][ T9480] BATTERY_CHG: handle_notification: [adsp] evtlog= [FG] fg_stub_get_AltManufacturerAccess_data: FG 0x4282: 0x11cb4282
03-25 15:14:48.915     0     0 E KERNEL  : [1088727.000660][T18061] BATTERY_CHG: handle_notification: [adsp] evtlog= [FG][BAT] SOC=100, RSOC=100, FCC=4234, RM=4234, d_cap=5600, t=3087, v=8544, c=0
03-25 15:14:48.916     0     0 E KERNEL  : [1088727.000670][T18061] BATTERY_CHG: handle_notification: [adsp] evtlog= [FG][BAT] TRM=4242, TFCC=4234, Vcell1=4271, Vcell2=4273, chg_st=4, gau_st=0xd184a, op_st=0x386, saf_st=0x0
03-25 15:14:48.920     0     0 E KERNEL  : [1088727.003273][T18061] BATTERY_CHG: handle_notification: [adsp] evtlog= 18W_Workaround. chg_type=14, VBUS=4551000 uV, ICL_Result : 39
03-25 15:14:48.923     0     0 E KERNEL  : [1088727.007481][T19283] BATTERY_CHG: handle_notification: [adsp] evtlog= [ADSP][CHG]BattMngrTech_ASUS_Jeita_Rule. temp : 357, voltage : 8533 mV, vfloat : 8720 mV, bat_safe_con=4
03-25 15:14:48.923     0     0 E KERNEL  : [1088727.007487][T19283] BATTERY_CHG: handle_notification: [adsp] evtlog= [ADSP][CHG]BattMngrTech_ASUS_Jeita_Rule++, FV_mV=8720, bat_safe_fw_update_condition=4
03-25 15:14:48.923     0     0 E KERNEL  : [1088727.007489][T19283] BATTERY_CHG: handle_notification: [adsp] evtlog= [ADSP][CHG]BattMngrTech_ASUS_Jeita_Update. old_FV : 8720 mV, new_FV : 8720 mV, FCC : 4200 mA
03-25 15:14:48.923     0     0 E KERNEL  : [1088727.007490][T19283] BATTERY_CHG: handle_notification: [adsp] evtlog= [BAT][CHG]BattMngrTech_Update_Charging_Pause_Result. charging_paused=0, pre_pause_status=0
03-25 15:14:48.923     0     0 E KERNEL  : [1088727.007693][T19283] BATTERY_CHG: handle_notification: [adsp] evtlog= [ICM][NCP][STBY] ncp_stby_db - chgr_type=14, chgr_stat=7, soc=100, discnt=0
03-25 15:14:48.964  2463  7650 E Transition: Trying to add a ready-group twice: Display{#0 state=ON size=1080x2448 ROTATION_0}
03-25 15:14:50.094     0     0 E KERNEL  : [1088728.175535][T21082] [schedu][0x1d340efdf2a0][08:14:50.090430] qca6490: [21082:E:CMN_MLME] cm_report_roam_rt_stats: Roam events stats is disabled
03-25 15:14:50.263     0     0 E KERNEL  : [1088728.347603][ T1880] cs35l45 9-0030: cs35l45_dsp_power_ev: event = 0x4, current amp_power_status = 1
03-25 15:14:50.264     0     0 E KERNEL  : [1088728.349236][ T1880] cs35l45 9-0030: cs35l45_dsp_power_ev : Get CS35L45_AMP_PCM_CONTROL : 0x101000
03-25 15:14:50.284     0     0 E KERNEL  : [1088728.350957][ T1880] cs35l45 9-0030: cs35l45_dsp_power_ev 0x4 : Set CS35L45_AMP_PCM_CONTROL mute : 0x1014CF
03-25 15:14:50.284     0     0 E KERNEL  : [1088728.350964][ T1880] cs35l45 9-0030: cs35l45_dsp_power_ev 0x4 : Begin finish mute 230ms work
03-25 15:14:50.284     0     0 E KERNEL  : [1088728.350975][ T1880] cs35l45 9-0031: cs35l45_dsp_power_ev: event = 0x4, current amp_power_status = 1
03-25 15:14:50.284     0     0 E KERNEL  : [1088728.350982][ T1880] cs35l45 9-0031: cs35l45_dsp_power_ev : Get CS35L45_AMP_PCM_CONTROL : 0x101000
03-25 15:14:50.284     0     0 E KERNEL  : [1088728.351676][ T1880] cs35l45 9-0031: cs35l45_dsp_power_ev 0x4 : Set CS35L45_AMP_PCM_CONTROL mute : 0x1014CF
03-25 15:14:50.284     0     0 E KERNEL  : [1088728.351682][ T1880] cs35l45 9-0031: cs35l45_dsp_power_ev 0x4 : Begin finish mute 230ms work
03-25 15:14:50.335     0     0 E KERNEL  : [1088728.417815][ T3534] cs35l45 9-0031: cs35l45_amp_active_status_put : Get ASUS control command : 2
03-25 15:14:50.335     0     0 E KERNEL  : [1088728.417820][ T3534] cs35l45 9-0031: cs35l45_amp_active_status_put : Is LL make do not mute 1 sec( is LL PCM0)
03-25 15:14:50.335     0     0 E KERNEL  : [1088728.419201][T30376] cs35l45 9-0031: cs35l45_pmu_finish_mute_delay_work : Finish pmu mute state (0x101000)
03-25 15:14:50.335     0     0 E KERNEL  : [1088728.419210][T30376] cs35l45 9-0031: cs35l45_pmu_finish_mute_delay_work : Set CS35L45_AMP_PCM_CONTROL : 0x101000
03-25 15:14:50.339     0     0 E KERNEL  : [1088728.420766][ T3534] cs35l45 9-0030: cs35l45_amp_active_status_put : Get ASUS control command : 2
03-25 15:14:50.339     0     0 E KERNEL  : [1088728.420771][ T3534] cs35l45 9-0030: cs35l45_amp_active_status_put : Is LL make do not mute 1 sec( is LL PCM0)
03-25 15:14:50.340     0     0 E KERNEL  : [1088728.420889][T28356] cs35l45 9-0030: cs35l45_pmu_finish_mute_delay_work : Finish pmu mute state (0x101000)
03-25 15:14:50.340     0     0 E KERNEL  : [1088728.420895][T28356] cs35l45 9-0030: cs35l45_pmu_finish_mute_delay_work : Set CS35L45_AMP_PCM_CONTROL : 0x101000
03-25 15:14:50.362     0     0 E KERNEL  : [1088728.444209][T25168] cs35l45 9-0030: cs35l45_dsp_power_ev: event = 0x2, current amp_power_status = 0
03-25 15:14:50.363     0     0 E KERNEL  : [1088728.444223][T25168] cs35l45 9-0030: cs35l45_dsp_power_ev : Get CS35L45_AMP_PCM_CONTROL : 0x101000
03-25 15:14:50.363     0     0 E KERNEL  : [1088728.444226][T25168] cs35l45 9-0030: cs35l45_dsp_power_ev 0x2 : Still in LL do not mute
03-25 15:14:50.363     0     0 E KERNEL  : [1088728.444229][T25168] cs35l45 9-0030: cs35l45_dsp_power_ev 0x2 : Abandone  AMP Power down work
03-25 15:14:50.363     0     0 E KERNEL  : [1088728.444285][T28356] cs35l45 9-0030: cs35l45_dsp_pmd_delay_work : AMP in power up state do nothing
03-25 15:14:50.363     0     0 E KERNEL  : [1088728.444311][T28356] cs35l45 9-0030: cs35l45_global_pmd_delay_work : AMP in power up state do nothing
03-25 15:14:50.363     0     0 E KERNEL  : [1088728.444322][T25168] cs35l45 9-0030: cs35l45_dsp_power_ev 0x2 : Begin finish mute 200ms work
03-25 15:14:50.363     0     0 E KERNEL  : [1088728.444790][T25168] cs35l45 9-0030: cs35l45_dsp_power_ev 0x2 : Get CSPL_MBOX_STS_RUNNING : 0x0 AMP already power up do nothing
03-25 15:14:50.363     0     0 E KERNEL  : [1088728.444796][T25168] cs35l45 9-0031: cs35l45_dsp_power_ev: event = 0x2, current amp_power_status = 0
03-25 15:14:50.363     0     0 E KERNEL  : [1088728.444801][T25168] cs35l45 9-0031: cs35l45_dsp_power_ev : Get CS35L45_AMP_PCM_CONTROL : 0x101000
03-25 15:14:50.363     0     0 E KERNEL  : [1088728.444804][T25168] cs35l45 9-0031: cs35l45_dsp_power_ev 0x2 : Still in LL do not mute
03-25 15:14:50.363     0     0 E KERNEL  : [1088728.444807][T25168] cs35l45 9-0031: cs35l45_dsp_power_ev 0x2 : Abandone  AMP Power down work
03-25 15:14:50.363     0     0 E KERNEL  : [1088728.444833][T28356] cs35l45 9-0031: cs35l45_dsp_pmd_delay_work : AMP in power up state do nothing
03-25 15:14:50.363     0     0 E KERNEL  : [1088728.444850][T16266] cs35l45 9-0031: cs35l45_global_pmd_delay_work : AMP in power up state do nothing
03-25 15:14:50.363     0     0 E KERNEL  : [1088728.444859][T25168] cs35l45 9-0031: cs35l45_dsp_power_ev 0x2 : Begin finish mute 200ms work
03-25 15:14:50.363     0     0 E KERNEL  : [1088728.445295][T25168] cs35l45 9-0031: cs35l45_dsp_power_ev 0x2 : Get CSPL_MBOX_STS_RUNNING : 0x0 AMP already power up do nothing
03-25 15:14:50.370     0     0 E KERNEL  : [1088728.454458][ T1688] [Display][msm-dsi:dsi_panel_update_backlight] [from] set bl=0
03-25 15:14:50.370     0     0 E KERNEL  : [1088728.454467][ T1688] [Display][msm-dsi:dsi_panel_update_backlight] [to] set bl=0
03-25 15:14:50.419     0     0 E KERNEL  : [1088728.499842][  T889] [BAT][CHG][ERR]Display off++
03-25 15:14:50.419     0     0 E KERNEL  : [1088728.499870][  T889] [Display][msm-dsi:dsi_panel_update_backlight] [from] set bl=0
03-25 15:14:50.419     0     0 E KERNEL  : [1088728.499876][  T889] [Display][msm-dsi:dsi_panel_update_backlight] [to] set bl=0
03-25 15:14:50.419     0     0 E KERNEL  : [1088728.500235][  T889] [Display][msm-dsi:dsi_bridge_post_disable] display off +++
03-25 15:14:50.419     0     0 E KERNEL  : [1088728.500239][  T889] [Display] value same, variable type 2, value 0
03-25 15:14:50.419     0     0 E KERNEL  : [1088728.500240][  T889] [Display] value same, variable type 1, value 0
03-25 15:14:50.419     0     0 E KERNEL  : [1088728.500242][  T889] [Display] value same, variable type 0, value 0
03-25 15:14:50.419     0     0 E KERNEL  : [1088728.500248][  T889] [Display][msm-dsi:dsi_panel_disable] dsi_panel_disable
03-25 15:14:50.419     0     0 E KERNEL  : [1088728.500249][  T889] [Display][msm-dsi:dsi_panel_disable] disable ESD irq
03-25 15:14:50.419     0     0 E KERNEL  : [1088728.501151][T30376] BATTERY_CHG: handle_notification: [adsp] evtlog= [ADSP][CHG]Check_Voter_Release.  panelONOFF_mode : 0 , virtual_therm_level : 0
03-25 15:14:50.427     0     0 E KERNEL  : [1088728.505372][T21082] [schedu][0x1d340f5e949d][08:14:50.420270] qca6490: [21082:E:CMN_MLME] cm_report_roam_rt_stats: Roam events stats is disabled
03-25 15:14:50.435     0     0 E KERNEL  : [1088728.518335][T30376] BATTERY_CHG: handle_notification: [adsp] evtlog= fg_stub check : data_scale_hi = 100.000000, record data_scale_hi = 0
03-25 15:14:50.435     0     0 E KERNEL  : [1088728.518344][T30376] BATTERY_CHG: handle_notification: [adsp] evtlog= data1 >95 && cable connected, data_scale_hi_origin =95.000000,data_scale_hi = 100.000000
03-25 15:14:50.439     0     0 E KERNEL  : [1088728.523921][ T4159] [Display][msm-dsi:hbm_mode_read] hbm mode is 0
03-25 15:14:50.439     0     0 E KERNEL  : [1088728.523959][ T4159] [Display][msm-dsi:hbm_mode_read] hbm mode is 0
03-25 15:14:50.558     0     0 E KERNEL  : [1088728.641046][  T889] [Display][msm-dsi:dsi_panel_power_off] panel off +++
03-25 15:14:50.558     0     0 E KERNEL  : [1088728.643563][T28356] cs35l45 9-0031: cs35l45_pmu_finish_mute_delay_work : Finish pmu mute state (0x101000)
03-25 15:14:50.558     0     0 E KERNEL  : [1088728.643571][T28356] cs35l45 9-0031: cs35l45_pmu_finish_mute_delay_work : Set CS35L45_AMP_PCM_CONTROL : 0x101000
03-25 15:14:50.558     0     0 E KERNEL  : [1088728.643578][T16266] cs35l45 9-0030: cs35l45_pmu_finish_mute_delay_work : Finish pmu mute state (0x101000)
03-25 15:14:50.558     0     0 E KERNEL  : [1088728.643585][T16266] cs35l45 9-0030: cs35l45_pmu_finish_mute_delay_work : Set CS35L45_AMP_PCM_CONTROL : 0x101000
03-25 15:14:50.566     0     0 E KERNEL  : [1088728.651214][  T889] [Display][msm-dsi:dsi_panel_power_off] panel off ---
03-25 15:14:50.566     0     0 E KERNEL  : [1088728.651276][  T889] [Display][msm-dsi:dsi_bridge_post_disable] display off ---
03-25 15:14:50.568     0     0 E KERNEL  : [1088728.651864][  T889] [BAT][CHG][ERR]Display off++
03-25 15:14:50.568     0     0 E KERNEL  : [1088728.652153][T16266] BATTERY_CHG: handle_notification: [adsp] evtlog= [ADSP][CHG]Check_Voter_Release.  panelONOFF_mode : 0 , virtual_therm_level : 0
03-25 15:14:50.581     0     0 E KERNEL  : [1088728.664816][ T4159] [Display][msm-dsi:hbm_mode_read] hbm mode is 0
03-25 15:14:50.581     0     0 E KERNEL  : [1088728.664898][ T4159] [Display][msm-dsi:hbm_mode_read] hbm mode is 0
03-25 15:14:50.626     0     0 E KERNEL  : [1088728.710272][ T1380] [ASH_Factory][light]Light Sensor read Calibration open (/vendor/factory/lsensor.nv) fail
03-25 15:14:50.626     0     0 E KERNEL  : [1088728.710282][ T1380] [ASH_Factory][light]Light Sensor read 50MS Calibration open (/vendor/factory/lsensor_50ms.nv) fail
03-25 15:14:50.658     0     0 E KERNEL  : [1088728.740610][T24143] i2c_geni a84000.i2c: i2c error :-107
03-25 15:14:50.658     0     0 E KERNEL  : [1088728.740623][T24143] nfc_dev_write: i2c_master_send returned -107
03-25 15:14:50.677     0     0 E KERNEL  : [1088728.761469][T16266] BATTERY_CHG: handle_notification: [adsp] evtlog= [ADSP][CHG]Check_Voter_Release.  panelONOFF_mode : 0 , virtual_therm_level : 0
03-25 15:14:50.677     0     0 E KERNEL  : [1088728.761964][  T889] [Display][msm-dsi:dsi_display_set_mode] resolution=2448*1080, fps=165
03-25 15:14:50.677     0     0 E KERNEL  : [1088728.761970][  T889] [Display][msm-dsi:dsi_bridge_pre_enable] display on +++
03-25 15:14:50.677     0     0 E KERNEL  : [1088728.762097][  T889] [Display][msm-dsi:dsi_panel_power_on] panel on +++
03-25 15:14:50.700     0     0 E KERNEL  : [1088728.785548][  T889] [Display][msm-dsi:dsi_panel_power_on] panel on ---
03-25 15:14:50.716     0     0 E KERNEL  : [1088728.790549][  T889] [Display][msm-dsi:dsi_panel_enable] dsi_panel_enable
03-25 15:14:50.722     0     0 E KERNEL  : [1088728.806013][  T889] [Display][msm-dsi:dsi_bridge_pre_enable] display on ---
03-25 15:14:50.722     0     0 E KERNEL  : [1088728.806145][  T889] [Display][msm-dsi:dsi_display_set_power] enter LP1 doze
03-25 15:14:50.722     0     0 E KERNEL  : [1088728.806250][  T889] [drm:dsi_pwr_panel_regulator_mode_set [msm_drm]] *ERROR* [msm-dsi-error]: Regulator ibb was not found
03-25 15:14:50.744     0     0 E KERNEL  : [1088728.827459][  T889] [Display][msm-dsi:dsi_panel_tx_cmd_set] post enable first, type = 16
03-25 15:14:50.747     0     0 E KERNEL  : [1088728.827466][  T889] [Display][msm-dsi:dsi_panel_asus_post_enable] panel init delay time compensation: 39371 us
03-25 15:14:50.752     0     0 E KERNEL  : [1088728.835269][ T9480] BATTERY_CHG: handle_notification: [adsp] evtlog= [FG] fg_stub_get_AltManufacturerAccess_data: FG 0x4280: 0x11d74280
03-25 15:14:50.788     0     0 E KERNEL  : [1088728.867841][  T889] [Display][msm-dsi:dsi_panel_asus_post_enable] enable ESD irq
03-25 15:14:50.788     0     0 E KERNEL  : [1088728.867875][    C0] [Display][msm-dsi:err_fg_interrupt] ktime diff 24
03-25 15:14:50.788     0     0 E KERNEL  : [1088728.868117][  T889] [Display][msm-dsi:dsi_ai2201_frame_commit_cnt] fbc5
03-25 15:14:50.788     0     0 E KERNEL  : [1088728.869636][T28356] BATTERY_CHG: handle_notification: [adsp] evtlog= [ADSP][CHG]Check_Voter_Release.  panelONOFF_mode : 0 , virtual_therm_level : 0
03-25 15:14:50.812     0     0 E KERNEL  : [1088728.895791][  T889] [Display][msm-dsi:dsi_ai2201_frame_commit_cnt] fbc4
03-25 15:14:50.826     0     0 E KERNEL  : [1088728.909976][  T889] [Display][msm-dsi:dsi_ai2201_frame_commit_cnt] fbc3
03-25 15:14:50.845     0     0 E KERNEL  : [1088728.928819][  T889] [Display][msm-dsi:dsi_ai2201_frame_commit_cnt] fbc2
03-25 15:14:50.857     0     0 E KERNEL  : [1088728.938032][T16266] BATTERY_CHG: handle_notification: [adsp] evtlog= [FG] fg_stub_get_AltManufacturerAccess_data: FG 0x4282: 0x11cb4282
03-25 15:14:50.857     0     0 E KERNEL  : [1088728.939836][T16266] cs35l45 9-0031: cs35l45_ll_do_not_mute_delay_work : Finish LL make do not mute 1 sec(1)
03-25 15:14:50.863     0     0 E KERNEL  : [1088728.943607][ T9480] cs35l45 9-0030: cs35l45_ll_do_not_mute_delay_work : Finish LL make do not mute 1 sec(1)
03-25 15:14:50.863     0     0 E KERNEL  : [1088728.945596][  T889] [Display][msm-dsi:dsi_ai2201_frame_commit_cnt] fbc1
03-25 15:14:50.863     0     0 E KERNEL  : [1088728.945603][  T889] [Display][msm-dsi:dsi_ai2201_frame_commit_cnt] DEFAULT AOD HIGH BACKLIGHT, panel_last_backlight = 484
03-25 15:14:50.863     0     0 E KERNEL  : [1088728.945605][  T889] [Display][msm-dsi:dsi_panel_update_backlight] [from] set bl=61
03-25 15:14:50.863     0     0 E KERNEL  : [1088728.945608][  T889] [Display][msm-dsi:dsi_ai2201_aod_backlight] set AOD HIGH command
03-25 15:14:50.895     0     0 E KERNEL  : [1088728.977347][ T4159] [Display][msm-dsi:hbm_mode_read] hbm mode is 0
03-25 15:14:50.895     0     0 E KERNEL  : [1088728.977373][ T4159] [Display][msm-dsi:hbm_mode_read] hbm mode is 0
03-25 15:14:50.895     0     0 E KERNEL  : [1088728.979452][ T3270] [soft_i][0x1d340fe97883][08:14:50.894349] qca6490: [0:E:HDD] __hdd_set_multicast_list: mlist[0] = 01:00:5e:00:00:01
03-25 15:14:50.895     0     0 E KERNEL  : [1088728.979458][ T3270] [soft_i][0x1d340fe97924][08:14:50.894357] qca6490: [0:E:HDD] __hdd_set_multicast_list: mlist[1] = 33:33:00:00:00:01
03-25 15:14:50.895     0     0 E KERNEL  : [1088728.979460][ T3270] [soft_i][0x1d340fe97948][08:14:50.894359] qca6490: [0:E:HDD] __hdd_set_multicast_list: mlist[2] = 33:33:ff:0e:9f:38
03-25 15:14:50.895     0     0 E KERNEL  : [1088728.979471][ T3270] [soft_i][0x1d340fe9796c][08:14:50.894361] qca6490: [0:E:HDD] __hdd_set_multicast_list: mlist[3] = 33:33:ff:d9:12:1d
03-25 15:14:50.895     0     0 E KERNEL  : [1088728.979473][ T3270] [soft_i][0x1d340fe97a34][08:14:50.894371] qca6490: [0:E:HDD] __hdd_set_multicast_list: mlist[4] = 33:33:ff:fe:40:a0
03-25 15:14:50.895     0     0 E KERNEL  : [1088728.979474][ T3270] [soft_i][0x1d340fe97a54][08:14:50.894373] qca6490: [0:E:HDD] __hdd_set_multicast_list: mlist[5] = 01:00:5e:00:00:fb
03-25 15:14:50.895     0     0 E KERNEL  : [1088728.980331][ T3270] [soft_i][0x1d340fe9ba82][08:14:50.895229] qca6490: [0:E:HDD] __hdd_set_multicast_list: mlist[0] = 01:00:5e:00:00:01
03-25 15:14:50.895     0     0 E KERNEL  : [1088728.980337][ T3270] [soft_i][0x1d340fe9bb00][08:14:50.895235] qca6490: [0:E:HDD] __hdd_set_multicast_list: mlist[1] = 33:33:00:00:00:01
03-25 15:14:50.895     0     0 E KERNEL  : [1088728.980339][ T3270] [soft_i][0x1d340fe9bb29][08:14:50.895237] qca6490: [0:E:HDD] __hdd_set_multicast_list: mlist[2] = 33:33:ff:0e:9f:38
03-25 15:14:50.895     0     0 E KERNEL  : [1088728.980341][ T3270] [soft_i][0x1d340fe9bb4f][08:14:50.895239] qca6490: [0:E:HDD] __hdd_set_multicast_list: mlist[3] = 33:33:ff:d9:12:1d
03-25 15:14:50.895     0     0 E KERNEL  : [1088728.980343][ T3270] [soft_i][0x1d340fe9bb76][08:14:50.895241] qca6490: [0:E:HDD] __hdd_set_multicast_list: mlist[4] = 33:33:ff:fe:40:a0
03-25 15:14:50.905     0     0 E KERNEL  : [1088728.983755][  T889] [Display][msm-dsi:dsi_panel_update_backlight] [to] set bl=61
03-25 15:14:50.972     0     0 E KERNEL  : [1088729.055573][ T4159] [Display][msm-dsi:hbm_mode_read] hbm mode is 0
03-25 15:14:50.972     0     0 E KERNEL  : [1088729.055611][ T4159] [Display][msm-dsi:hbm_mode_read] hbm mode is 0
03-25 15:14:50.984     0     0 E KERNEL  : [1088729.067944][ T9480] BATTERY_CHG: handle_notification: [adsp] evtlog= [FG][BAT] SOC=100, RSOC=100, FCC=4234, RM=4234, d_cap=5600, t=3087, v=8543, c=-11
03-25 15:14:50.984     0     0 E KERNEL  : [1088729.067980][ T9480] BATTERY_CHG: handle_notification: [adsp] evtlog= [FG][BAT] TRM=4242, TFCC=4234, Vcell1=4271, Vcell2=4273, chg_st=4, gau_st=0xd184a, op_st=0x386, saf_st=0x0
03-25 15:14:50.989     0     0 E KERNEL  : [1088729.070921][T16266] BATTERY_CHG: handle_notification: [adsp] evtlog= 18W_Workaround. chg_type=14, VBUS=4609000 uV, ICL_Result : 39
03-25 15:14:50.990     0     0 E KERNEL  : [1088729.070989][ T9480] BATTERY_CHG: handle_notification: [adsp] evtlog= [ADSP][CHG]BattMngrTech_ASUS_Jeita_Rule. temp : 357, voltage : 8543 mV, vfloat : 8720 mV, bat_safe_con=4
03-25 15:14:50.990     0     0 E KERNEL  : [1088729.071088][ T9480] BATTERY_CHG: handle_notification: [adsp] evtlog= [ADSP][CHG]BattMngrTech_ASUS_Jeita_Rule++, FV_mV=8720, bat_safe_fw_update_condition=4
03-25 15:14:50.990     0     0 E KERNEL  : [1088729.071092][ T9480] BATTERY_CHG: handle_notification: [adsp] evtlog= [ADSP][CHG]BattMngrTech_ASUS_Jeita_Update. old_FV : 8720 mV, new_FV : 8720 mV, FCC : 4200 mA
03-25 15:14:50.990     0     0 E KERNEL  : [1088729.071095][ T9480] BATTERY_CHG: handle_notification: [adsp] evtlog= [BAT][CHG]BattMngrTech_Update_Charging_Pause_Result. charging_paused=0, pre_pause_status=0
03-25 15:14:50.990     0     0 E KERNEL  : [1088729.071268][T16266] BATTERY_CHG: handle_notification: [adsp] evtlog= [ICM][NCP][STBY] ncp_stby_db - chgr_type=14, chgr_stat=7, soc=100, discnt=0
03-25 15:14:51.050     0     0 E KERNEL  : [1088729.133916][ T4466] [Display][msm-dsi:dsi_panel_update_backlight] [from] set bl=61
03-25 15:14:51.050     0     0 E KERNEL  : [1088729.133940][ T4466] [Display][msm-dsi:dsi_panel_update_backlight] [to] set bl=61
03-25 15:14:52.074  2463  6387 E TaskPersister: File error accessing recents directory (directory doesn't exist?).
03-25 15:14:52.394     0     0 E KERNEL  : [1088730.477349][ T9831] audit: rate limit exceeded
03-25 15:14:52.618     0     0 E KERNEL  : [1088730.701199][ T1880] cs35l45 9-0030: cs35l45_dsp_power_ev: event = 0x4, current amp_power_status = 1
03-25 15:14:52.618     0     0 E KERNEL  : [1088730.702981][ T1880] cs35l45 9-0030: cs35l45_dsp_power_ev : Get CS35L45_AMP_PCM_CONTROL : 0x101000
03-25 15:14:52.626     0     0 E KERNEL  : [1088730.709604][ T1880] cs35l45 9-0030: cs35l45_dsp_power_ev 0x4 : Set CS35L45_AMP_PCM_CONTROL mute : 0x1014CF
03-25 15:14:52.626     0     0 E KERNEL  : [1088730.709619][ T1880] cs35l45 9-0030: cs35l45_dsp_power_ev 0x4 : Begin finish mute 230ms work
03-25 15:14:52.626     0     0 E KERNEL  : [1088730.709648][ T1880] cs35l45 9-0031: cs35l45_dsp_power_ev: event = 0x4, current amp_power_status = 1
03-25 15:14:52.626     0     0 E KERNEL  : [1088730.709660][ T1880] cs35l45 9-0031: cs35l45_dsp_power_ev : Get CS35L45_AMP_PCM_CONTROL : 0x101000
03-25 15:14:52.630     0     0 E KERNEL  : [1088730.713546][ T1880] cs35l45 9-0031: cs35l45_dsp_power_ev 0x4 : Set CS35L45_AMP_PCM_CONTROL mute : 0x1014CF
03-25 15:14:52.630     0     0 E KERNEL  : [1088730.713558][ T1880] cs35l45 9-0031: cs35l45_dsp_power_ev 0x4 : Begin finish mute 230ms work
03-25 15:14:52.863     0     0 E KERNEL  : [1088730.939514][T16266] cs35l45 9-0030: cs35l45_pmu_finish_mute_delay_work : Finish pmu mute state (0x101000)
03-25 15:14:52.863     0     0 E KERNEL  : [1088730.939538][T16266] cs35l45 9-0030: cs35l45_pmu_finish_mute_delay_work : Set CS35L45_AMP_PCM_CONTROL : 0x101000
03-25 15:14:52.863     0     0 E KERNEL  : [1088730.943608][T16266] cs35l45 9-0031: cs35l45_pmu_finish_mute_delay_work : Finish pmu mute state (0x101000)
03-25 15:14:52.863     0     0 E KERNEL  : [1088730.943623][T16266] cs35l45 9-0031: cs35l45_pmu_finish_mute_delay_work : Set CS35L45_AMP_PCM_CONTROL : 0x101000
03-25 15:14:53.642     0     0 E KERNEL  : [1088731.724590][T28356] cs35l45 9-0030: cs35l45_dsp_pmd_delay_work begin and reset PCM VOLUME back to default : 0x101000
03-25 15:14:53.650     0     0 E KERNEL  : [1088731.734723][T16266] cs35l45 9-0031: cs35l45_dsp_pmd_delay_work begin and reset PCM VOLUME back to default : 0x101000
03-25 15:15:00.040     0     0 E KERNEL  : [1088738.120240][ T1380] [ASH_Factory][light]Light Sensor read Calibration open (/vendor/factory/lsensor.nv) fail
03-25 15:15:00.040     0     0 E KERNEL  : [1088738.120253][ T1380] [ASH_Factory][light]Light Sensor read 50MS Calibration open (/vendor/factory/lsensor_50ms.nv) fail
03-25 15:15:00.126     0     0 E KERNEL  : [1088738.210390][  T263] init: Unable to set property 'vendor.light.status' from uid:1000 gid:1000 pid:1380: SELinux permission check failed
03-25 15:15:05.999     0     0 E KERNEL  : [1088744.075719][T25736] [BAT][CHG][ERR][BAT][CHG]update_battery_safe +++
03-25 15:15:05.999     0     0 E KERNEL  : [1088744.081222][T25736] [BAT][CHG][ERR][BAT][CHG]update_battery_safe temp=356, capacity=100, cycle_count=919
03-25 15:15:06.000     0     0 E KERNEL  : [1088744.081246][T25736] BATTERY_CHG: calculation_time_fun: calculation_time_fun +++
03-25 15:15:06.000     0     0 E KERNEL  : [1088744.081266][T25736] BATTERY_CHG: calculation_time_fun: calculation_time_fun +++
03-25 15:15:06.000     0     0 E KERNEL  : [1088744.081279][T25736] BATTERY_CHG: calculation_time_fun: calculation_time_fun +++
03-25 15:15:06.000     0     0 E KERNEL  : [1088744.081296][T25736] [BAT][CHG][ERR][BAT][CHG]backup_bat_percentage bat_percent=0; reload_condition=2
03-25 15:15:06.000     0     0 E KERNEL  : [1088744.082724][T30376] BATTERY_CHG: handle_notification: [adsp] evtlog= [ADSP][CHG] GET FROM KERENL TO ADSP [ADSP], data_scale_hi=100,rspMsg.bat_scale==100
03-25 15:15:06.000     0     0 E KERNEL  : [1088744.082724][T30376]
03-25 15:15:06.000     0     0 E KERNEL  : [1088744.082753][T30376] [BAT][CHG][ERR]GET FROM KERENL TO ADSP [KERNEL], adsp_bat_scale = 100
03-25 15:15:06.000     0     0 E KERNEL  : [1088744.082826][T25736] [BAT][CHG][ERR][BAT][CHG]backup_bat_safety backup_bat_scale=100
03-25 15:15:06.000     0     0 E KERNEL  : [1088744.082907][T25736] [BAT][CHG][ERR][BAT][CHG]set_full_charging_voltage, fg_condition_change : 0
03-25 15:15:06.064     0     0 E KERNEL  : [1088744.149007][T30536] [BAT][CHG][ERR]fg_soc_remap_scale_show, adsp_bat_scale_1 = 100
03-25 15:15:19.383     0     0 E KERNEL  : [1088757.465503][T21082] [schedu][0x1d343082fc89][08:15:19.380376] qca6490: [21082:E:CMN_MLME] cm_report_roam_rt_stats: Roam events stats is disabled
03-25 15:15:19.582     0     0 E KERNEL  : [1088757.665045][T21082] [schedu][0x1d3430bd72af][08:15:19.579925] qca6490: [21082:E:CMN_MLME] cm_report_roam_rt_stats: Roam events stats is disabled
03-25 15:15:19.582     0     0 E KERNEL  : [1088757.665682][T21082] [schedu][0x1d3430bda378][08:15:19.580575] qca6490: [21082:E:CMN_MLME] cm_report_roam_rt_stats: Roam events stats is disabled
03-25 15:15:22.499     0     0 E KERNEL  : [1088760.583183][T21082] [schedu][0x1d3434145fc4][08:15:22.498072] qca6490: [21082:E:CMN_MLME] cm_report_roam_rt_stats: Roam events stats is disabled
03-25 15:15:33.957 10991 11145 E ActivityThread: Failed to find provider info for com.ss.android.ugc.trill.apm
03-25 15:15:43.741 30651 30694 E ActivityThread: Failed to find provider info for com.facebook.appmanager.nekodirect
03-25 15:16:00.058     0     0 E KERNEL  : [1088798.140137][ T1380] [ASH_Factory][light]Light Sensor read Calibration open (/vendor/factory/lsensor.nv) fail
03-25 15:16:00.058     0     0 E KERNEL  : [1088798.140149][ T1380] [ASH_Factory][light]Light Sensor read 50MS Calibration open (/vendor/factory/lsensor_50ms.nv) fail
03-25 15:16:00.142     0     0 E KERNEL  : [1088798.226912][  T263] init: Unable to set property 'vendor.light.status' from uid:1000 gid:1000 pid:1380: SELinux permission check failed
03-25 15:16:07.435     0     0 E KERNEL  : [1088805.515914][T25736] [BAT][CHG][ERR][BAT][CHG]update_battery_safe +++
03-25 15:16:07.435     0     0 E KERNEL  : [1088805.519729][T25736] [BAT][CHG][ERR][BAT][CHG]update_battery_safe temp=356, capacity=100, cycle_count=919
03-25 15:16:07.435     0     0 E KERNEL  : [1088805.519754][T25736] BATTERY_CHG: calculation_time_fun: calculation_time_fun +++
03-25 15:16:07.435     0     0 E KERNEL  : [1088805.519773][T25736] BATTERY_CHG: calculation_time_fun: calculation_time_fun +++
03-25 15:16:07.435     0     0 E KERNEL  : [1088805.519784][T25736] BATTERY_CHG: calculation_time_fun: calculation_time_fun +++
03-25 15:16:07.435     0     0 E KERNEL  : [1088805.519802][T25736] [BAT][CHG][ERR][BAT][CHG]backup_bat_percentage bat_percent=0; reload_condition=2
03-25 15:16:07.439     0     0 E KERNEL  : [1088805.521848][T28356] BATTERY_CHG: handle_notification: [adsp] evtlog= [ADSP][CHG] GET FROM KERENL TO ADSP [ADSP], data_scale_hi=100,rspMsg.bat_scale==100
03-25 15:16:07.439     0     0 E KERNEL  : [1088805.521848][T28356]
03-25 15:16:07.439     0     0 E KERNEL  : [1088805.521873][T28356] [BAT][CHG][ERR]GET FROM KERENL TO ADSP [KERNEL], adsp_bat_scale = 100
03-25 15:16:07.439     0     0 E KERNEL  : [1088805.521946][T25736] [BAT][CHG][ERR][BAT][CHG]backup_bat_safety backup_bat_scale=100
03-25 15:16:07.439     0     0 E KERNEL  : [1088805.522153][T25736] [BAT][CHG][ERR][BAT][CHG]set_full_charging_voltage, fg_condition_change : 0
03-25 15:16:07.506     0     0 E KERNEL  : [1088805.591282][T30772] [BAT][CHG][ERR]fg_soc_remap_scale_show, adsp_bat_scale_1 = 100
03-25 15:16:35.678     0     0 E KERNEL  : [1088833.762560][T21082] [schedu][0x1d3487d3a3e9][08:16:35.677434] qca6490: [21082:E:CMN_MLME] cm_report_roam_rt_stats: Roam events stats is disabled
03-25 15:16:35.826     0     0 E KERNEL  : [1088833.909841][T21082] [schedu][0x1d3487fec9f3][08:16:35.824715] qca6490: [21082:E:CMN_MLME] cm_report_roam_rt_stats: Roam events stats is disabled
03-25 15:16:35.827     0     0 E KERNEL  : [1088833.910417][T21082] [schedu][0x1d3487fef64d][08:16:35.825306] qca6490: [21082:E:CMN_MLME] cm_report_roam_rt_stats: Roam events stats is disabled
